10.0.0.9 - - [28/Nov/2025:14:38:33 +0100] "GET /products HTTP/1.1" 200 100 "-" "Mozilla/5.0 (compatible; Googlebot/2.1)"
172.16.0.1 - - [28/Nov/2025:14:38:34 +0100] "GET /images/logo.png HTTP/1.1" 404 2874 "http://internal-wiki.com/" "Mozilla/5.0 (Macintosh; Intel Mac OS X 10_15_7)"
172.16.0.7 - - [28/Nov/2025:14:38:34 +0100] "GET /contact HTTP/1.1" 500 364 "http://internal-wiki.com/" "Mozilla/5.0 (compatible; Googlebot/2.1)"
172.16.0.9 - - [28/Nov/2025:14:38:36 +0100] "GET /contact HTTP/1.1" 200 1709 "http://internal-wiki.com/" "Mozilla/5.0 (Macintosh; Intel Mac OS X 10_15_7)"
10.0.0.8 - - [28/Nov/2025:14:38:37 +0100] "GET /about HTTP/1.1" 500 2253 "http://internal-wiki.com/" "Mozilla/5.0 (Linux; Android 10; SM-G973F)"
172.16.0.1 - - [28/Nov/2025:14:38:37 +0100] "GET /products HTTP/1.1" 200 1513 "http://internal-wiki.com/" "Mozilla/5.0 (Windows NT 10.0; Win64; x64)"
10.0.0.5 - - [28/Nov/2025:14:38:38 +0100] "GET /docs HTTP/1.1" 200 1994 "http://google.com/" "Mozilla/5.0 (Linux; Android 10; SM-G973F)"
172.16.0.9 - - [28/Nov/2025:14:38:39 +0100] "GET /css/styles.css HTTP/1.1" 200 4985 "http://google.com/" "Mozilla/5.0 (Linux; Android 10; SM-G973F)"
10.0.0.5 - - [28/Nov/2025:14:38:41 +0100] "GET /css/styles.css HTTP/1.1" 200 2835 "-" "Mozilla/5.0 (Windows NT 10.0; Win64; x64)"
172.16.0.7 - - [28/Nov/2025:14:38:41 +0100] "GET /api/data/v2 HTTP/1.1" 404 2077 "http://internal-wiki.com/" "Mozilla/5.0 (Macintosh; Intel Mac OS X 10_15_7)"
10.0.0.4 - - [28/Nov/2025:14:38:42 +0100] "GET /css/styles.css HTTP/1.1" 200 4642 "-" "Mozilla/5.0 (Macintosh; Intel Mac OS X 10_15_7)"
172.16.0.7 - - [28/Nov/2025:14:38:42 +0100] "GET /docs HTTP/1.1" 500 4872 "http://google.com/" "Mozilla/5.0 (Linux; Android 10; SM-G973F)"
10.0.0.4 - - [28/Nov/2025:14:38:43 +0100] "GET /css/styles.css HTTP/1.1" 200 1612 "-" "Mozilla/5.0 (Linux; Android 10; SM-G973F)"
172.16.0.8 - - [28/Nov/2025:14:38:44 +0100] "GET /css/styles.css HTTP/1.1" 200 2152 "http://internal-wiki.com/" "Mozilla/5.0 (Windows NT 10.0; Win64; x64)"
172.16.0.6 - - [28/Nov/2025:14:38:45 +0100] "GET /contact HTTP/1.1" 200 2030 "-" "Mozilla/5.0 (Linux; Android 10; SM-G973F)"
172.16.0.3 - - [28/Nov/2025:14:38:46 +0100] "GET / HTTP/1.1" 500 2723 "http://internal-wiki.com/" "Mozilla/5.0 (compatible; Googlebot/2.1)"
172.16.0.7 - - [28/Nov/2025:14:38:47 +0100] "GET /images/logo.png HTTP/1.1" 404 156 "http://google.com/" "Mozilla/5.0 (Linux; Android 10; SM-G973F)"
10.0.0.6 - - [28/Nov/2025:14:38:47 +0100] "GET /api/data/v2 HTTP/1.1" 200 2401 "http://another-web-server.com/" "Mozilla/5.0 (Windows NT 10.0; Win64; x64)"
172.16.0.2 - - [28/Nov/2025:14:38:48 +0100] "GET /products HTTP/1.1" 200 1466 "http://internal-wiki.com/" "Mozilla/5.0 (Macintosh; Intel Mac OS X 10_15_7)"
10.0.0.6 - - [28/Nov/2025:14:38:49 +0100] "GET /images/logo.png HTTP/1.1" 500 2505 "http://internal-wiki.com/" "Mozilla/5.0 (compatible; Googlebot/2.1)"
10.0.0.1 - - [28/Nov/2025:14:38:50 +0100] "GET /products HTTP/1.1" 200 4074 "http://internal-wiki.com/" "Mozilla/5.0 (Macintosh; Intel Mac OS X 10_15_7)"
10.0.0.8 - - [28/Nov/2025:14:38:51 +0100] "GET /about HTTP/1.1" 200 624 "http://google.com/" "Mozilla/5.0 (Macintosh; Intel Mac OS X 10_15_7)"
172.16.0.5 - - [28/Nov/2025:14:38:51 +0100] "GET / HTTP/1.1" 200 3495 "-" "Mozilla/5.0 (Windows NT 10.0; Win64; x64)"
172.16.0.9 - - [28/Nov/2025:14:38:52 +0100] "GET /css/styles.css HTTP/1.1" 200 1873 "http://google.com/" "Mozilla/5.0 (compatible; Googlebot/2.1)"
10.0.0.1 - - [28/Nov/2025:14:38:52 +0100] "GET /products HTTP/1.1" 200 863 "http://internal-wiki.com/" "Mozilla/5.0 (Windows NT 10.0; Win64; x64)"
10.0.0.9 - - [28/Nov/2025:14:38:53 +0100] "GET /about HTTP/1.1" 200 3771 "http://internal-wiki.com/" "Mozilla/5.0 (Windows NT 10.0; Win64; x64)"
172.16.0.7 - - [28/Nov/2025:14:38:54 +0100] "GET /products HTTP/1.1" 200 2799 "http://internal-wiki.com/" "Mozilla/5.0 (Macintosh; Intel Mac OS X 10_15_7)"
172.16.0.9 - - [28/Nov/2025:14:38:55 +0100] "GET /api/data/v2 HTTP/1.1" 200 2161 "http://internal-wiki.com/" "Mozilla/5.0 (Windows NT 10.0; Win64; x64)"
10.0.0.5 - - [28/Nov/2025:14:38:56 +0100] "GET /about HTTP/1.1" 200 400 "-" "Mozilla/5.0 (Linux; Android 10; SM-G973F)"
172.16.0.4 - - [28/Nov/2025:14:38:57 +0100] "GET /about HTTP/1.1" 200 4749 "http://internal-wiki.com/" "Mozilla/5.0 (Macintosh; Intel Mac OS X 10_15_7)"
10.0.0.9 - - [28/Nov/2025:14:38:58 +0100] "GET /contact HTTP/1.1" 200 4371 "-" "Mozilla/5.0 (Linux; Android 10; SM-G973F)"
10.0.0.4 - - [28/Nov/2025:14:38:59 +0100] "GET /docs HTTP/1.1" 404 239 "-" "Mozilla/5.0 (Windows NT 10.0; Win64; x64)"
172.16.0.5 - - [28/Nov/2025:14:39:00 +0100] "GET /api/data/v2 HTTP/1.1" 404 544 "http://internal-wiki.com/" "Mozilla/5.0 (compatible; Googlebot/2.1)"
172.16.0.5 - - [28/Nov/2025:14:39:00 +0100] "GET / HTTP/1.1" 200 1507 "http://another-web-server.com/" "Mozilla/5.0 (compatible; Googlebot/2.1)"
172.16.0.2 - - [28/Nov/2025:14:39:02 +0100] "GET /contact HTTP/1.1" 200 2782 "http://google.com/" "Mozilla/5.0 (Macintosh; Intel Mac OS X 10_15_7)"
10.0.0.9 - - [28/Nov/2025:14:39:03 +0100] "GET /api/data/v2 HTTP/1.1" 500 3788 "http://internal-wiki.com/" "Mozilla/5.0 (Windows NT 10.0; Win64; x64)"
172.16.0.9 - - [28/Nov/2025:14:39:04 +0100] "GET /images/logo.png HTTP/1.1" 200 1270 "-" "Mozilla/5.0 (Linux; Android 10; SM-G973F)"
172.16.0.2 - - [28/Nov/2025:14:39:04 +0100] "GET /contact HTTP/1.1" 500 4579 "http://internal-wiki.com/" "Mozilla/5.0 (Windows NT 10.0; Win64; x64)"
172.16.0.1 - - [28/Nov/2025:14:39:04 +0100] "GET /contact HTTP/1.1" 404 1624 "http://internal-wiki.com/" "Mozilla/5.0 (Macintosh; Intel Mac OS X 10_15_7)"
10.0.0.2 - - [28/Nov/2025:14:39:05 +0100] "GET /docs HTTP/1.1" 404 2326 "http://google.com/" "Mozilla/5.0 (Macintosh; Intel Mac OS X 10_15_7)"
10.0.0.8 - - [28/Nov/2025:14:39:06 +0100] "GET /contact HTTP/1.1" 404 4281 "-" "Mozilla/5.0 (Macintosh; Intel Mac OS X 10_15_7)"
10.0.0.5 - - [28/Nov/2025:14:39:08 +0100] "GET /docs HTTP/1.1" 200 3750 "-" "Mozilla/5.0 (Linux; Android 10; SM-G973F)"
10.0.0.9 - - [28/Nov/2025:14:39:08 +0100] "GET /contact HTTP/1.1" 200 3613 "http://internal-wiki.com/" "Mozilla/5.0 (Windows NT 10.0; Win64; x64)"
10.0.0.4 - - [28/Nov/2025:14:39:08 +0100] "GET /about HTTP/1.1" 200 1718 "http://google.com/" "Mozilla/5.0 (compatible; Googlebot/2.1)"
172.16.0.8 - - [28/Nov/2025:14:39:09 +0100] "GET /contact HTTP/1.1" 200 3179 "http://google.com/" "Mozilla/5.0 (Linux; Android 10; SM-G973F)"
10.0.0.6 - - [28/Nov/2025:14:39:10 +0100] "GET /docs HTTP/1.1" 404 1721 "http://google.com/" "Mozilla/5.0 (Macintosh; Intel Mac OS X 10_15_7)"
10.0.0.9 - - [28/Nov/2025:14:39:11 +0100] "GET /contact HTTP/1.1" 200 4847 "-" "Mozilla/5.0 (Linux; Android 10; SM-G973F)"
172.16.0.9 - - [28/Nov/2025:14:39:12 +0100] "GET /about HTTP/1.1" 200 2388 "http://google.com/" "Mozilla/5.0 (Linux; Android 10; SM-G973F)"
10.0.0.7 - - [28/Nov/2025:14:39:13 +0100] "GET /contact HTTP/1.1" 500 4894 "http://another-web-server.com/" "Mozilla/5.0 (Linux; Android 10; SM-G973F)"
10.0.0.4 - - [28/Nov/2025:14:39:14 +0100] "GET /images/logo.png HTTP/1.1" 200 4248 "-" "Mozilla/5.0 (Windows NT 10.0; Win64; x64)"
10.0.0.4 - - [28/Nov/2025:14:39:16 +0100] "GET / HTTP/1.1" 200 2825 "http://internal-wiki.com/" "Mozilla/5.0 (compatible; Googlebot/2.1)"
10.0.0.4 - - [28/Nov/2025:14:39:17 +0100] "GET /api/data/v2 HTTP/1.1" 200 3236 "http://another-web-server.com/" "Mozilla/5.0 (compatible; Googlebot/2.1)"
172.16.0.6 - - [28/Nov/2025:14:39:17 +0100] "GET /about HTTP/1.1" 404 2569 "http://internal-wiki.com/" "Mozilla/5.0 (Macintosh; Intel Mac OS X 10_15_7)"
10.0.0.6 - - [28/Nov/2025:14:39:18 +0100] "GET /products HTTP/1.1" 500 3100 "http://google.com/" "Mozilla/5.0 (compatible; Googlebot/2.1)"
172.16.0.8 - - [28/Nov/2025:14:39:18 +0100] "GET / HTTP/1.1" 200 3165 "http://internal-wiki.com/" "Mozilla/5.0 (Windows NT 10.0; Win64; x64)"
172.16.0.5 - - [28/Nov/2025:14:39:19 +0100] "GET /about HTTP/1.1" 200 3131 "http://google.com/" "Mozilla/5.0 (compatible; Googlebot/2.1)"
172.16.0.1 - - [28/Nov/2025:14:39:21 +0100] "GET / HTTP/1.1" 200 2270 "-" "Mozilla/5.0 (Macintosh; Intel Mac OS X 10_15_7)"
10.0.0.7 - - [28/Nov/2025:14:39:21 +0100] "GET /products HTTP/1.1" 200 763 "-" "Mozilla/5.0 (Macintosh; Intel Mac OS X 10_15_7)"
10.0.0.7 - - [28/Nov/2025:14:39:22 +0100] "GET /css/styles.css HTTP/1.1" 404 1766 "http://internal-wiki.com/" "Mozilla/5.0 (compatible; Googlebot/2.1)"
172.16.0.5 - - [28/Nov/2025:14:39:23 +0100] "GET /products HTTP/1.1" 200 4947 "http://google.com/" "Mozilla/5.0 (Linux; Android 10; SM-G973F)"
172.16.0.3 - - [28/Nov/2025:14:39:24 +0100] "GET /css/styles.css HTTP/1.1" 500 3561 "http://google.com/" "Mozilla/5.0 (compatible; Googlebot/2.1)"
10.0.0.1 - - [28/Nov/2025:14:39:24 +0100] "GET /docs HTTP/1.1" 404 918 "-" "Mozilla/5.0 (Macintosh; Intel Mac OS X 10_15_7)"
10.0.0.8 - - [28/Nov/2025:14:39:25 +0100] "GET /docs HTTP/1.1" 200 3501 "http://internal-wiki.com/" "Mozilla/5.0 (Macintosh; Intel Mac OS X 10_15_7)"
172.16.0.9 - - [28/Nov/2025:14:39:25 +0100] "GET /api/data/v2 HTTP/1.1" 200 4151 "-" "Mozilla/5.0 (Macintosh; Intel Mac OS X 10_15_7)"
172.16.0.9 - - [28/Nov/2025:14:39:26 +0100] "GET /api/data/v2 HTTP/1.1" 200 4674 "-" "Mozilla/5.0 (Linux; Android 10; SM-G973F)"
10.0.0.9 - - [28/Nov/2025:14:39:26 +0100] "GET /images/logo.png HTTP/1.1" 200 2761 "http://internal-wiki.com/" "Mozilla/5.0 (compatible; Googlebot/2.1)"
10.0.0.3 - - [28/Nov/2025:14:39:27 +0100] "GET /docs HTTP/1.1" 404 4983 "http://google.com/" "Mozilla/5.0 (Linux; Android 10; SM-G973F)"
10.0.0.8 - - [28/Nov/2025:14:39:27 +0100] "GET /docs HTTP/1.1" 200 1312 "-" "Mozilla/5.0 (Windows NT 10.0; Win64; x64)"
10.0.0.5 - - [28/Nov/2025:14:39:28 +0100] "GET /about HTTP/1.1" 200 3617 "http://internal-wiki.com/" "Mozilla/5.0 (Windows NT 10.0; Win64; x64)"
10.0.0.2 - - [28/Nov/2025:14:39:29 +0100] "GET /products HTTP/1.1" 404 1696 "http://internal-wiki.com/" "Mozilla/5.0 (Macintosh; Intel Mac OS X 10_15_7)"
172.16.0.4 - - [28/Nov/2025:14:39:29 +0100] "GET /api/data/v2 HTTP/1.1" 200 2278 "http://google.com/" "Mozilla/5.0 (Linux; Android 10; SM-G973F)"
10.0.0.7 - - [28/Nov/2025:14:39:29 +0100] "GET / HTTP/1.1" 200 2067 "http://internal-wiki.com/" "Mozilla/5.0 (Windows NT 10.0; Win64; x64)"
10.0.0.6 - - [28/Nov/2025:14:39:31 +0100] "GET /css/styles.css HTTP/1.1" 404 1947 "-" "Mozilla/5.0 (compatible; Googlebot/2.1)"
172.16.0.4 - - [28/Nov/2025:14:39:31 +0100] "GET /images/logo.png HTTP/1.1" 404 1403 "http://google.com/" "Mozilla/5.0 (compatible; Googlebot/2.1)"
10.0.0.8 - - [28/Nov/2025:14:39:33 +0100] "GET /images/logo.png HTTP/1.1" 200 1312 "http://google.com/" "Mozilla/5.0 (Windows NT 10.0; Win64; x64)"
10.0.0.3 - - [28/Nov/2025:14:39:34 +0100] "GET /images/logo.png HTTP/1.1" 500 3188 "-" "Mozilla/5.0 (Linux; Android 10; SM-G973F)"
10.0.0.4 - - [28/Nov/2025:14:39:35 +0100] "GET /api/data/v2 HTTP/1.1" 200 4188 "http://internal-wiki.com/" "Mozilla/5.0 (Linux; Android 10; SM-G973F)"
10.0.0.5 - - [28/Nov/2025:14:39:36 +0100] "GET / HTTP/1.1" 200 4748 "http://internal-wiki.com/" "Mozilla/5.0 (Macintosh; Intel Mac OS X 10_15_7)"
10.0.0.7 - - [28/Nov/2025:14:39:37 +0100] "GET /images/logo.png HTTP/1.1" 200 4071 "http://google.com/" "Mozilla/5.0 (compatible; Googlebot/2.1)"
172.16.0.3 - - [28/Nov/2025:14:39:37 +0100] "GET / HTTP/1.1" 200 3060 "http://google.com/" "Mozilla/5.0 (compatible; Googlebot/2.1)"
10.0.0.4 - - [28/Nov/2025:14:39:38 +0100] "GET /css/styles.css HTTP/1.1" 404 3956 "-" "Mozilla/5.0 (compatible; Googlebot/2.1)"
172.16.0.4 - - [28/Nov/2025:14:39:39 +0100] "GET /contact HTTP/1.1" 200 689 "http://google.com/" "Mozilla/5.0 (compatible; Googlebot/2.1)"
172.16.0.1 - - [28/Nov/2025:14:39:39 +0100] "GET / HTTP/1.1" 200 2537 "http://google.com/" "Mozilla/5.0 (compatible; Googlebot/2.1)"
10.0.0.7 - - [28/Nov/2025:14:39:41 +0100] "GET /contact HTTP/1.1" 500 3679 "http://internal-wiki.com/" "Mozilla/5.0 (Windows NT 10.0; Win64; x64)"
10.0.0.5 - - [28/Nov/2025:14:39:41 +0100] "GET /api/data/v2 HTTP/1.1" 404 992 "http://google.com/" "Mozilla/5.0 (Windows NT 10.0; Win64; x64)"
10.0.0.8 - - [28/Nov/2025:14:39:42 +0100] "GET / HTTP/1.1" 200 2420 "http://internal-wiki.com/" "Mozilla/5.0 (Macintosh; Intel Mac OS X 10_15_7)"
10.0.0.5 - - [28/Nov/2025:14:39:42 +0100] "GET /products HTTP/1.1" 200 1155 "http://google.com/" "Mozilla/5.0 (Macintosh; Intel Mac OS X 10_15_7)"
10.0.0.4 - - [28/Nov/2025:14:39:44 +0100] "GET /contact HTTP/1.1" 200 2346 "http://internal-wiki.com/" "Mozilla/5.0 (Linux; Android 10; SM-G973F)"
10.0.0.7 - - [28/Nov/2025:14:39:44 +0100] "GET /api/data/v2 HTTP/1.1" 404 4043 "http://google.com/" "Mozilla/5.0 (compatible; Googlebot/2.1)"
172.16.0.1 - - [28/Nov/2025:14:39:45 +0100] "GET /docs HTTP/1.1" 200 1150 "-" "Mozilla/5.0 (Macintosh; Intel Mac OS X 10_15_7)"
10.0.0.5 - - [28/Nov/2025:14:39:46 +0100] "GET / HTTP/1.1" 500 992 "http://google.com/" "Mozilla/5.0 (compatible; Googlebot/2.1)"
10.0.0.1 - - [28/Nov/2025:14:39:47 +0100] "GET /products HTTP/1.1" 200 357 "-" "Mozilla/5.0 (Linux; Android 10; SM-G973F)"
10.0.0.8 - - [28/Nov/2025:14:39:48 +0100] "GET / HTTP/1.1" 200 4704 "http://internal-wiki.com/" "Mozilla/5.0 (compatible; Googlebot/2.1)"
10.0.0.7 - - [28/Nov/2025:14:39:48 +0100] "GET /docs HTTP/1.1" 404 223 "http://internal-wiki.com/" "Mozilla/5.0 (Windows NT 10.0; Win64; x64)"
172.16.0.8 - - [28/Nov/2025:14:39:49 +0100] "GET / HTTP/1.1" 200 4830 "http://internal-wiki.com/" "Mozilla/5.0 (Macintosh; Intel Mac OS X 10_15_7)"
172.16.0.2 - - [28/Nov/2025:14:39:50 +0100] "GET /about HTTP/1.1" 200 2200 "-" "Mozilla/5.0 (Windows NT 10.0; Win64; x64)"
172.16.0.8 - - [28/Nov/2025:14:39:51 +0100] "GET /css/styles.css HTTP/1.1" 200 3092 "-" "Mozilla/5.0 (Windows NT 10.0; Win64; x64)"
10.0.0.1 - - [28/Nov/2025:14:39:52 +0100] "GET /about HTTP/1.1" 500 4085 "http://another-web-server.com/" "Mozilla/5.0 (Windows NT 10.0; Win64; x64)"
172.16.0.7 - - [28/Nov/2025:14:39:53 +0100] "GET /css/styles.css HTTP/1.1" 200 999 "http://google.com/" "Mozilla/5.0 (Macintosh; Intel Mac OS X 10_15_7)"
10.0.0.9 - - [28/Nov/2025:14:39:54 +0100] "GET / HTTP/1.1" 200 1730 "http://google.com/" "Mozilla/5.0 (Linux; Android 10; SM-G973F)"
10.0.0.4 - - [28/Nov/2025:14:39:55 +0100] "GET /css/styles.css HTTP/1.1" 200 1834 "http://another-web-server.com/" "Mozilla/5.0 (Macintosh; Intel Mac OS X 10_15_7)"
10.0.0.8 - - [28/Nov/2025:14:39:55 +0100] "GET /products HTTP/1.1" 404 2351 "http://internal-wiki.com/" "Mozilla/5.0 (Windows NT 10.0; Win64; x64)"
10.0.0.2 - - [28/Nov/2025:14:39:56 +0100] "GET /api/data/v2 HTTP/1.1" 404 2637 "http://google.com/" "Mozilla/5.0 (compatible; Googlebot/2.1)"
10.0.0.1 - - [28/Nov/2025:14:39:57 +0100] "GET /contact HTTP/1.1" 200 1421 "http://another-web-server.com/" "Mozilla/5.0 (Macintosh; Intel Mac OS X 10_15_7)"
10.0.0.7 - - [28/Nov/2025:14:39:57 +0100] "GET /docs HTTP/1.1" 500 3678 "-" "Mozilla/5.0 (Linux; Android 10; SM-G973F)"
172.16.0.1 - - [28/Nov/2025:14:39:59 +0100] "GET /images/logo.png HTTP/1.1" 200 2067 "http://internal-wiki.com/" "Mozilla/5.0 (Macintosh; Intel Mac OS X 10_15_7)"
172.16.0.3 - - [28/Nov/2025:14:40:00 +0100] "GET / HTTP/1.1" 200 267 "http://internal-wiki.com/" "Mozilla/5.0 (compatible; Googlebot/2.1)"
172.16.0.3 - - [28/Nov/2025:14:40:01 +0100] "GET /api/data/v2 HTTP/1.1" 404 1424 "http://google.com/" "Mozilla/5.0 (Macintosh; Intel Mac OS X 10_15_7)"
10.0.0.4 - - [28/Nov/2025:14:40:01 +0100] "GET /css/styles.css HTTP/1.1" 200 2665 "http://internal-wiki.com/" "Mozilla/5.0 (Macintosh; Intel Mac OS X 10_15_7)"
172.16.0.2 - - [28/Nov/2025:14:40:02 +0100] "GET /css/styles.css HTTP/1.1" 200 141 "http://another-web-server.com/" "Mozilla/5.0 (Windows NT 10.0; Win64; x64)"
10.0.0.7 - - [28/Nov/2025:14:40:04 +0100] "GET / HTTP/1.1" 200 2866 "http://google.com/" "Mozilla/5.0 (Linux; Android 10; SM-G973F)"
10.0.0.7 - - [28/Nov/2025:14:40:05 +0100] "GET /products HTTP/1.1" 200 3004 "-" "Mozilla/5.0 (Windows NT 10.0; Win64; x64)"
10.0.0.7 - - [28/Nov/2025:14:40:06 +0100] "GET /docs HTTP/1.1" 200 197 "http://internal-wiki.com/" "Mozilla/5.0 (Windows NT 10.0; Win64; x64)"
10.0.0.5 - - [28/Nov/2025:14:40:07 +0100] "GET /contact HTTP/1.1" 200 851 "http://google.com/" "Mozilla/5.0 (Macintosh; Intel Mac OS X 10_15_7)"
172.16.0.2 - - [28/Nov/2025:14:40:08 +0100] "GET /css/styles.css HTTP/1.1" 200 2466 "-" "Mozilla/5.0 (Linux; Android 10; SM-G973F)"
172.16.0.6 - - [28/Nov/2025:14:40:09 +0100] "GET /docs HTTP/1.1" 200 2541 "http://google.com/" "Mozilla/5.0 (Macintosh; Intel Mac OS X 10_15_7)"
172.16.0.2 - - [28/Nov/2025:14:40:10 +0100] "GET /css/styles.css HTTP/1.1" 200 4485 "http://google.com/" "Mozilla/5.0 (Windows NT 10.0; Win64; x64)"
10.0.0.5 - - [28/Nov/2025:14:40:11 +0100] "GET /products HTTP/1.1" 200 611 "http://another-web-server.com/" "Mozilla/5.0 (Linux; Android 10; SM-G973F)"
172.16.0.4 - - [28/Nov/2025:14:40:11 +0100] "GET /docs HTTP/1.1" 200 1230 "http://google.com/" "Mozilla/5.0 (compatible; Googlebot/2.1)"
172.16.0.5 - - [28/Nov/2025:14:40:12 +0100] "GET /images/logo.png HTTP/1.1" 200 1404 "http://internal-wiki.com/" "Mozilla/5.0 (Linux; Android 10; SM-G973F)"
10.0.0.2 - - [28/Nov/2025:14:40:13 +0100] "GET /css/styles.css HTTP/1.1" 200 4129 "http://google.com/" "Mozilla/5.0 (Windows NT 10.0; Win64; x64)"
10.0.0.1 - - [28/Nov/2025:14:40:14 +0100] "GET /about HTTP/1.1" 404 4003 "http://google.com/" "Mozilla/5.0 (compatible; Googlebot/2.1)"
10.0.0.1 - - [28/Nov/2025:14:40:15 +0100] "GET /products HTTP/1.1" 500 163 "-" "Mozilla/5.0 (compatible; Googlebot/2.1)"
172.16.0.7 - - [28/Nov/2025:14:40:15 +0100] "GET /docs HTTP/1.1" 200 1320 "http://internal-wiki.com/" "Mozilla/5.0 (Windows NT 10.0; Win64; x64)"
10.0.0.3 - - [28/Nov/2025:14:40:16 +0100] "GET /products HTTP/1.1" 200 4174 "http://google.com/" "Mozilla/5.0 (compatible; Googlebot/2.1)"
172.16.0.6 - - [28/Nov/2025:14:40:16 +0100] "GET /products HTTP/1.1" 200 653 "-" "Mozilla/5.0 (Windows NT 10.0; Win64; x64)"
10.0.0.9 - - [28/Nov/2025:14:40:17 +0100] "GET /products HTTP/1.1" 500 3916 "http://internal-wiki.com/" "Mozilla/5.0 (Windows NT 10.0; Win64; x64)"
10.0.0.4 - - [28/Nov/2025:14:40:19 +0100] "GET /docs HTTP/1.1" 200 1436 "http://another-web-server.com/" "Mozilla/5.0 (Macintosh; Intel Mac OS X 10_15_7)"
10.0.0.5 - - [28/Nov/2025:14:40:20 +0100] "GET /css/styles.css HTTP/1.1" 500 166 "-" "Mozilla/5.0 (Windows NT 10.0; Win64; x64)"
172.16.0.2 - - [28/Nov/2025:14:40:21 +0100] "GET / HTTP/1.1" 200 1067 "-" "Mozilla/5.0 (Linux; Android 10; SM-G973F)"
10.0.0.5 - - [28/Nov/2025:14:40:22 +0100] "GET /api/data/v2 HTTP/1.1" 200 2442 "http://internal-wiki.com/" "Mozilla/5.0 (compatible; Googlebot/2.1)"
172.16.0.3 - - [28/Nov/2025:14:40:23 +0100] "GET / HTTP/1.1" 500 3124 "http://internal-wiki.com/" "Mozilla/5.0 (Macintosh; Intel Mac OS X 10_15_7)"
10.0.0.5 - - [28/Nov/2025:14:40:24 +0100] "GET /api/data/v2 HTTP/1.1" 200 2189 "http://internal-wiki.com/" "Mozilla/5.0 (compatible; Googlebot/2.1)"
172.16.0.8 - - [28/Nov/2025:14:40:26 +0100] "GET /docs HTTP/1.1" 200 1999 "http://internal-wiki.com/" "Mozilla/5.0 (Linux; Android 10; SM-G973F)"
10.0.0.4 - - [28/Nov/2025:14:40:27 +0100] "GET /css/styles.css HTTP/1.1" 200 4579 "-" "Mozilla/5.0 (Windows NT 10.0; Win64; x64)"
172.16.0.2 - - [28/Nov/2025:14:40:28 +0100] "GET /css/styles.css HTTP/1.1" 500 1250 "http://internal-wiki.com/" "Mozilla/5.0 (Windows NT 10.0; Win64; x64)"
10.0.0.1 - - [28/Nov/2025:14:40:28 +0100] "GET /images/logo.png HTTP/1.1" 200 3303 "http://internal-wiki.com/" "Mozilla/5.0 (compatible; Googlebot/2.1)"
172.16.0.8 - - [28/Nov/2025:14:40:29 +0100] "GET /images/logo.png HTTP/1.1" 404 4807 "-" "Mozilla/5.0 (compatible; Googlebot/2.1)"
10.0.0.6 - - [28/Nov/2025:14:40:29 +0100] "GET /css/styles.css HTTP/1.1" 200 379 "http://google.com/" "Mozilla/5.0 (Windows NT 10.0; Win64; x64)"
10.0.0.2 - - [28/Nov/2025:14:40:30 +0100] "GET /css/styles.css HTTP/1.1" 200 2959 "http://internal-wiki.com/" "Mozilla/5.0 (Windows NT 10.0; Win64; x64)"
10.0.0.9 - - [28/Nov/2025:14:40:31 +0100] "GET /about HTTP/1.1" 404 3741 "-" "Mozilla/5.0 (Macintosh; Intel Mac OS X 10_15_7)"
172.16.0.2 - - [28/Nov/2025:14:40:32 +0100] "GET /about HTTP/1.1" 200 2678 "http://internal-wiki.com/" "Mozilla/5.0 (Macintosh; Intel Mac OS X 10_15_7)"
172.16.0.8 - - [28/Nov/2025:14:40:33 +0100] "GET /docs HTTP/1.1" 200 402 "http://another-web-server.com/" "Mozilla/5.0 (Linux; Android 10; SM-G973F)"
10.0.0.7 - - [28/Nov/2025:14:40:34 +0100] "GET /products HTTP/1.1" 200 4331 "http://internal-wiki.com/" "Mozilla/5.0 (Macintosh; Intel Mac OS X 10_15_7)"
172.16.0.5 - - [28/Nov/2025:14:40:35 +0100] "GET /about HTTP/1.1" 200 181 "-" "Mozilla/5.0 (Macintosh; Intel Mac OS X 10_15_7)"
172.16.0.4 - - [28/Nov/2025:14:40:36 +0100] "GET /contact HTTP/1.1" 200 845 "http://google.com/" "Mozilla/5.0 (compatible; Googlebot/2.1)"
10.0.0.6 - - [28/Nov/2025:14:40:37 +0100] "GET /css/styles.css HTTP/1.1" 200 1761 "http://another-web-server.com/" "Mozilla/5.0 (Windows NT 10.0; Win64; x64)"
172.16.0.5 - - [28/Nov/2025:14:40:38 +0100] "GET /contact HTTP/1.1" 200 252 "http://another-web-server.com/" "Mozilla/5.0 (Macintosh; Intel Mac OS X 10_15_7)"
172.16.0.7 - - [28/Nov/2025:14:40:39 +0100] "GET /images/logo.png HTTP/1.1" 200 3075 "-" "Mozilla/5.0 (Macintosh; Intel Mac OS X 10_15_7)"
10.0.0.8 - - [28/Nov/2025:14:40:39 +0100] "GET /docs HTTP/1.1" 200 2169 "http://internal-wiki.com/" "Mozilla/5.0 (Windows NT 10.0; Win64; x64)"
172.16.0.4 - - [28/Nov/2025:14:40:41 +0100] "GET /api/data/v2 HTTP/1.1" 200 3113 "http://google.com/" "Mozilla/5.0 (Macintosh; Intel Mac OS X 10_15_7)"
172.16.0.8 - - [28/Nov/2025:14:40:41 +0100] "GET /css/styles.css HTTP/1.1" 404 1651 "-" "Mozilla/5.0 (Windows NT 10.0; Win64; x64)"
10.0.0.5 - - [28/Nov/2025:14:40:41 +0100] "GET /images/logo.png HTTP/1.1" 200 3372 "http://internal-wiki.com/" "Mozilla/5.0 (compatible; Googlebot/2.1)"
172.16.0.1 - - [28/Nov/2025:14:40:42 +0100] "GET /docs HTTP/1.1" 200 4334 "-" "Mozilla/5.0 (Windows NT 10.0; Win64; x64)"
10.0.0.7 - - [28/Nov/2025:14:40:42 +0100] "GET /contact HTTP/1.1" 404 583 "http://internal-wiki.com/" "Mozilla/5.0 (Linux; Android 10; SM-G973F)"
172.16.0.2 - - [28/Nov/2025:14:40:43 +0100] "GET /images/logo.png HTTP/1.1" 404 137 "http://google.com/" "Mozilla/5.0 (Macintosh; Intel Mac OS X 10_15_7)"
172.16.0.3 - - [28/Nov/2025:14:40:44 +0100] "GET /css/styles.css HTTP/1.1" 200 2853 "-" "Mozilla/5.0 (compatible; Googlebot/2.1)"
172.16.0.8 - - [28/Nov/2025:14:40:45 +0100] "GET /products HTTP/1.1" 200 1538 "-" "Mozilla/5.0 (compatible; Googlebot/2.1)"
10.0.0.7 - - [28/Nov/2025:14:40:46 +0100] "GET /docs HTTP/1.1" 200 3540 "-" "Mozilla/5.0 (Windows NT 10.0; Win64; x64)"
172.16.0.8 - - [28/Nov/2025:14:40:47 +0100] "GET /css/styles.css HTTP/1.1" 200 2760 "http://google.com/" "Mozilla/5.0 (Macintosh; Intel Mac OS X 10_15_7)"
10.0.0.9 - - [28/Nov/2025:14:40:48 +0100] "GET / HTTP/1.1" 200 4679 "http://google.com/" "Mozilla/5.0 (Linux; Android 10; SM-G973F)"
172.16.0.5 - - [28/Nov/2025:14:40:49 +0100] "GET /docs HTTP/1.1" 200 2315 "-" "Mozilla/5.0 (Linux; Android 10; SM-G973F)"
172.16.0.6 - - [28/Nov/2025:14:40:50 +0100] "GET /about HTTP/1.1" 200 178 "-" "Mozilla/5.0 (Windows NT 10.0; Win64; x64)"
172.16.0.9 - - [28/Nov/2025:14:40:50 +0100] "GET /docs HTTP/1.1" 200 1340 "-" "Mozilla/5.0 (Windows NT 10.0; Win64; x64)"
10.0.0.5 - - [28/Nov/2025:14:40:51 +0100] "GET /api/data/v2 HTTP/1.1" 200 520 "http://google.com/" "Mozilla/5.0 (Macintosh; Intel Mac OS X 10_15_7)"
10.0.0.4 - - [28/Nov/2025:14:40:51 +0100] "GET /contact HTTP/1.1" 200 163 "-" "Mozilla/5.0 (compatible; Googlebot/2.1)"
172.16.0.8 - - [28/Nov/2025:14:40:52 +0100] "GET /contact HTTP/1.1" 404 3353 "http://another-web-server.com/" "Mozilla/5.0 (Linux; Android 10; SM-G973F)"
10.0.0.2 - - [28/Nov/2025:14:40:52 +0100] "GET /products HTTP/1.1" 200 623 "-" "Mozilla/5.0 (Linux; Android 10; SM-G973F)"
10.0.0.8 - - [28/Nov/2025:14:40:53 +0100] "GET / HTTP/1.1" 404 4429 "http://google.com/" "Mozilla/5.0 (Linux; Android 10; SM-G973F)"
172.16.0.4 - - [28/Nov/2025:14:40:53 +0100] "GET /docs HTTP/1.1" 200 2022 "-" "Mozilla/5.0 (Macintosh; Intel Mac OS X 10_15_7)"
10.0.0.5 - - [28/Nov/2025:14:40:54 +0100] "GET /contact HTTP/1.1" 200 2323 "-" "Mozilla/5.0 (compatible; Googlebot/2.1)"
10.0.0.1 - - [28/Nov/2025:14:40:55 +0100] "GET /products HTTP/1.1" 200 2560 "-" "Mozilla/5.0 (Windows NT 10.0; Win64; x64)"
172.16.0.9 - - [28/Nov/2025:14:40:55 +0100] "GET /about HTTP/1.1" 200 2245 "-" "Mozilla/5.0 (Macintosh; Intel Mac OS X 10_15_7)"
10.0.0.8 - - [28/Nov/2025:14:40:56 +0100] "GET /about HTTP/1.1" 404 2764 "http://another-web-server.com/" "Mozilla/5.0 (Macintosh; Intel Mac OS X 10_15_7)"
10.0.0.7 - - [28/Nov/2025:14:40:57 +0100] "GET /about HTTP/1.1" 404 4196 "http://internal-wiki.com/" "Mozilla/5.0 (Linux; Android 10; SM-G973F)"
10.0.0.2 - - [28/Nov/2025:14:40:57 +0100] "GET / HTTP/1.1" 200 1394 "http://google.com/" "Mozilla/5.0 (Linux; Android 10; SM-G973F)"
172.16.0.6 - - [28/Nov/2025:14:40:58 +0100] "GET /api/data/v2 HTTP/1.1" 200 3183 "-" "Mozilla/5.0 (compatible; Googlebot/2.1)"
172.16.0.5 - - [28/Nov/2025:14:40:58 +0100] "GET /images/logo.png HTTP/1.1" 200 4393 "http://internal-wiki.com/" "Mozilla/5.0 (Linux; Android 10; SM-G973F)"
172.16.0.6 - - [28/Nov/2025:14:40:59 +0100] "GET /css/styles.css HTTP/1.1" 404 3493 "http://google.com/" "Mozilla/5.0 (Linux; Android 10; SM-G973F)"
172.16.0.4 - - [28/Nov/2025:14:40:59 +0100] "GET /css/styles.css HTTP/1.1" 200 4767 "-" "Mozilla/5.0 (Windows NT 10.0; Win64; x64)"
172.16.0.4 - - [28/Nov/2025:14:41:00 +0100] "GET /api/data/v2 HTTP/1.1" 500 642 "-" "Mozilla/5.0 (Linux; Android 10; SM-G973F)"
172.16.0.7 - - [28/Nov/2025:14:41:01 +0100] "GET /docs HTTP/1.1" 200 650 "-" "Mozilla/5.0 (compatible; Googlebot/2.1)"
172.16.0.2 - - [28/Nov/2025:14:41:02 +0100] "GET /css/styles.css HTTP/1.1" 200 440 "http://google.com/" "Mozilla/5.0 (Windows NT 10.0; Win64; x64)"
172.16.0.3 - - [28/Nov/2025:14:41:03 +0100] "GET /contact HTTP/1.1" 404 2863 "http://google.com/" "Mozilla/5.0 (Macintosh; Intel Mac OS X 10_15_7)"
10.0.0.4 - - [28/Nov/2025:14:41:04 +0100] "GET / HTTP/1.1" 200 4097 "http://internal-wiki.com/" "Mozilla/5.0 (Windows NT 10.0; Win64; x64)"
10.0.0.5 - - [28/Nov/2025:14:41:04 +0100] "GET /products HTTP/1.1" 200 2398 "-" "Mozilla/5.0 (Linux; Android 10; SM-G973F)"
10.0.0.3 - - [28/Nov/2025:14:41:04 +0100] "GET /css/styles.css HTTP/1.1" 404 3592 "-" "Mozilla/5.0 (compatible; Googlebot/2.1)"
10.0.0.8 - - [28/Nov/2025:14:41:05 +0100] "GET / HTTP/1.1" 404 4881 "http://another-web-server.com/" "Mozilla/5.0 (compatible; Googlebot/2.1)"
10.0.0.7 - - [28/Nov/2025:14:41:07 +0100] "GET /css/styles.css HTTP/1.1" 404 4263 "http://internal-wiki.com/" "Mozilla/5.0 (Linux; Android 10; SM-G973F)"
172.16.0.5 - - [28/Nov/2025:14:41:08 +0100] "GET /images/logo.png HTTP/1.1" 200 3752 "http://google.com/" "Mozilla/5.0 (Windows NT 10.0; Win64; x64)"
10.0.0.3 - - [28/Nov/2025:14:41:09 +0100] "GET /images/logo.png HTTP/1.1" 200 4198 "-" "Mozilla/5.0 (Windows NT 10.0; Win64; x64)"
10.0.0.5 - - [28/Nov/2025:14:41:10 +0100] "GET /about HTTP/1.1" 200 269 "http://internal-wiki.com/" "Mozilla/5.0 (Linux; Android 10; SM-G973F)"
10.0.0.3 - - [28/Nov/2025:14:41:10 +0100] "GET /api/data/v2 HTTP/1.1" 200 1536 "http://internal-wiki.com/" "Mozilla/5.0 (Linux; Android 10; SM-G973F)"
10.0.0.1 - - [28/Nov/2025:14:41:11 +0100] "GET /contact HTTP/1.1" 404 2259 "http://internal-wiki.com/" "Mozilla/5.0 (Windows NT 10.0; Win64; x64)"
10.0.0.8 - - [28/Nov/2025:14:41:12 +0100] "GET /images/logo.png HTTP/1.1" 200 3456 "http://internal-wiki.com/" "Mozilla/5.0 (compatible; Googlebot/2.1)"
10.0.0.2 - - [28/Nov/2025:14:41:13 +0100] "GET /css/styles.css HTTP/1.1" 500 3899 "-" "Mozilla/5.0 (Macintosh; Intel Mac OS X 10_15_7)"
10.0.0.4 - - [28/Nov/2025:14:41:14 +0100] "GET /docs HTTP/1.1" 200 1458 "http://google.com/" "Mozilla/5.0 (Windows NT 10.0; Win64; x64)"
10.0.0.5 - - [28/Nov/2025:14:41:15 +0100] "GET /docs HTTP/1.1" 200 3396 "-" "Mozilla/5.0 (Macintosh; Intel Mac OS X 10_15_7)"
172.16.0.3 - - [28/Nov/2025:14:41:16 +0100] "GET /about HTTP/1.1" 404 1167 "http://google.com/" "Mozilla/5.0 (Windows NT 10.0; Win64; x64)"
10.0.0.6 - - [28/Nov/2025:14:41:17 +0100] "GET /products HTTP/1.1" 404 1808 "-" "Mozilla/5.0 (Macintosh; Intel Mac OS X 10_15_7)"
172.16.0.8 - - [28/Nov/2025:14:41:17 +0100] "GET /about HTTP/1.1" 200 463 "http://google.com/" "Mozilla/5.0 (compatible; Googlebot/2.1)"
172.16.0.3 - - [28/Nov/2025:14:41:19 +0100] "GET /docs HTTP/1.1" 200 3426 "http://google.com/" "Mozilla/5.0 (compatible; Googlebot/2.1)"
10.0.0.3 - - [28/Nov/2025:14:41:19 +0100] "GET /api/data/v2 HTTP/1.1" 200 2635 "http://google.com/" "Mozilla/5.0 (Linux; Android 10; SM-G973F)"
10.0.0.8 - - [28/Nov/2025:14:41:20 +0100] "GET /docs HTTP/1.1" 200 4378 "-" "Mozilla/5.0 (compatible; Googlebot/2.1)"
172.16.0.4 - - [28/Nov/2025:14:41:20 +0100] "GET /contact HTTP/1.1" 200 667 "http://google.com/" "Mozilla/5.0 (Linux; Android 10; SM-G973F)"
10.0.0.6 - - [28/Nov/2025:14:41:21 +0100] "GET /images/logo.png HTTP/1.1" 200 146 "http://internal-wiki.com/" "Mozilla/5.0 (Windows NT 10.0; Win64; x64)"
172.16.0.6 - - [28/Nov/2025:14:41:21 +0100] "GET / HTTP/1.1" 200 2326 "http://google.com/" "Mozilla/5.0 (compatible; Googlebot/2.1)"
10.0.0.1 - - [28/Nov/2025:14:41:22 +0100] "GET /docs HTTP/1.1" 200 4200 "http://internal-wiki.com/" "Mozilla/5.0 (Macintosh; Intel Mac OS X 10_15_7)"
10.0.0.8 - - [28/Nov/2025:14:41:22 +0100] "GET /about HTTP/1.1" 500 653 "http://internal-wiki.com/" "Mozilla/5.0 (compatible; Googlebot/2.1)"
10.0.0.7 - - [28/Nov/2025:14:41:23 +0100] "GET /css/styles.css HTTP/1.1" 200 1077 "http://google.com/" "Mozilla/5.0 (Macintosh; Intel Mac OS X 10_15_7)"
10.0.0.7 - - [28/Nov/2025:14:41:23 +0100] "GET /images/logo.png HTTP/1.1" 404 4765 "-" "Mozilla/5.0 (Linux; Android 10; SM-G973F)"
172.16.0.2 - - [28/Nov/2025:14:41:24 +0100] "GET /about HTTP/1.1" 200 2240 "http://google.com/" "Mozilla/5.0 (Windows NT 10.0; Win64; x64)"
172.16.0.8 - - [28/Nov/2025:14:41:25 +0100] "GET /contact HTTP/1.1" 404 2836 "-" "Mozilla/5.0 (Macintosh; Intel Mac OS X 10_15_7)"
10.0.0.9 - - [28/Nov/2025:14:41:26 +0100] "GET /css/styles.css HTTP/1.1" 200 599 "http://google.com/" "Mozilla/5.0 (Windows NT 10.0; Win64; x64)"
172.16.0.8 - - [28/Nov/2025:14:41:27 +0100] "GET /products HTTP/1.1" 200 3058 "http://google.com/" "Mozilla/5.0 (Macintosh; Intel Mac OS X 10_15_7)"
172.16.0.1 - - [28/Nov/2025:14:41:28 +0100] "GET /contact HTTP/1.1" 404 3973 "-" "Mozilla/5.0 (Linux; Android 10; SM-G973F)"
172.16.0.2 - - [28/Nov/2025:14:41:29 +0100] "GET /docs HTTP/1.1" 500 2025 "http://google.com/" "Mozilla/5.0 (Macintosh; Intel Mac OS X 10_15_7)"
172.16.0.6 - - [28/Nov/2025:14:41:29 +0100] "GET /api/data/v2 HTTP/1.1" 200 2349 "http://google.com/" "Mozilla/5.0 (compatible; Googlebot/2.1)"
172.16.0.8 - - [28/Nov/2025:14:41:30 +0100] "GET /api/data/v2 HTTP/1.1" 500 3980 "http://google.com/" "Mozilla/5.0 (compatible; Googlebot/2.1)"
172.16.0.2 - - [28/Nov/2025:14:41:31 +0100] "GET /docs HTTP/1.1" 200 3657 "http://google.com/" "Mozilla/5.0 (Linux; Android 10; SM-G973F)"
10.0.0.9 - - [28/Nov/2025:14:41:32 +0100] "GET /contact HTTP/1.1" 200 1384 "http://google.com/" "Mozilla/5.0 (compatible; Googlebot/2.1)"
10.0.0.2 - - [28/Nov/2025:14:41:33 +0100] "GET /contact HTTP/1.1" 404 1033 "http://internal-wiki.com/" "Mozilla/5.0 (compatible; Googlebot/2.1)"
172.16.0.7 - - [28/Nov/2025:14:41:33 +0100] "GET /contact HTTP/1.1" 200 4648 "http://another-web-server.com/" "Mozilla/5.0 (Windows NT 10.0; Win64; x64)"
10.0.0.7 - - [28/Nov/2025:14:41:34 +0100] "GET /about HTTP/1.1" 200 2269 "http://google.com/" "Mozilla/5.0 (Linux; Android 10; SM-G973F)"
10.0.0.6 - - [28/Nov/2025:14:41:36 +0100] "GET / HTTP/1.1" 500 4879 "http://internal-wiki.com/" "Mozilla/5.0 (Windows NT 10.0; Win64; x64)"
172.16.0.8 - - [28/Nov/2025:14:41:36 +0100] "GET /api/data/v2 HTTP/1.1" 200 2988 "-" "Mozilla/5.0 (Linux; Android 10; SM-G973F)"
172.16.0.5 - - [28/Nov/2025:14:41:36 +0100] "GET /api/data/v2 HTTP/1.1" 404 2684 "-" "Mozilla/5.0 (Linux; Android 10; SM-G973F)"
172.16.0.8 - - [28/Nov/2025:14:41:37 +0100] "GET / HTTP/1.1" 200 1038 "-" "Mozilla/5.0 (Linux; Android 10; SM-G973F)"
172.16.0.6 - - [28/Nov/2025:14:41:38 +0100] "GET /contact HTTP/1.1" 200 3702 "http://internal-wiki.com/" "Mozilla/5.0 (Linux; Android 10; SM-G973F)"
10.0.0.4 - - [28/Nov/2025:14:41:39 +0100] "GET /products HTTP/1.1" 200 4071 "-" "Mozilla/5.0 (Macintosh; Intel Mac OS X 10_15_7)"
172.16.0.8 - - [28/Nov/2025:14:41:40 +0100] "GET /about HTTP/1.1" 200 1858 "-" "Mozilla/5.0 (Windows NT 10.0; Win64; x64)"
10.0.0.3 - - [28/Nov/2025:14:41:41 +0100] "GET /about HTTP/1.1" 200 3794 "http://google.com/" "Mozilla/5.0 (Windows NT 10.0; Win64; x64)"
172.16.0.2 - - [28/Nov/2025:14:41:42 +0100] "GET /images/logo.png HTTP/1.1" 200 4946 "-" "Mozilla/5.0 (Macintosh; Intel Mac OS X 10_15_7)"
172.16.0.5 - - [28/Nov/2025:14:41:42 +0100] "GET /about HTTP/1.1" 200 4533 "http://internal-wiki.com/" "Mozilla/5.0 (Linux; Android 10; SM-G973F)"
172.16.0.9 - - [28/Nov/2025:14:41:43 +0100] "GET /products HTTP/1.1" 200 3983 "-" "Mozilla/5.0 (compatible; Googlebot/2.1)"
10.0.0.6 - - [28/Nov/2025:14:41:44 +0100] "GET /contact HTTP/1.1" 404 3645 "http://google.com/" "Mozilla/5.0 (compatible; Googlebot/2.1)"
10.0.0.1 - - [28/Nov/2025:14:41:45 +0100] "GET /contact HTTP/1.1" 200 774 "http://internal-wiki.com/" "Mozilla/5.0 (compatible; Googlebot/2.1)"
10.0.0.9 - - [28/Nov/2025:14:41:46 +0100] "GET /products HTTP/1.1" 200 4495 "http://internal-wiki.com/" "Mozilla/5.0 (Windows NT 10.0; Win64; x64)"
172.16.0.5 - - [28/Nov/2025:14:41:47 +0100] "GET /images/logo.png HTTP/1.1" 200 4201 "http://google.com/" "Mozilla/5.0 (compatible; Googlebot/2.1)"
10.0.0.1 - - [28/Nov/2025:14:41:48 +0100] "GET /products HTTP/1.1" 200 775 "http://internal-wiki.com/" "Mozilla/5.0 (Windows NT 10.0; Win64; x64)"
172.16.0.2 - - [28/Nov/2025:14:41:49 +0100] "GET /images/logo.png HTTP/1.1" 200 339 "http://google.com/" "Mozilla/5.0 (compatible; Googlebot/2.1)"
172.16.0.4 - - [28/Nov/2025:14:41:50 +0100] "GET /docs HTTP/1.1" 200 3036 "-" "Mozilla/5.0 (compatible; Googlebot/2.1)"
172.16.0.5 - - [28/Nov/2025:14:41:51 +0100] "GET /products HTTP/1.1" 200 4841 "-" "Mozilla/5.0 (Linux; Android 10; SM-G973F)"
10.0.0.5 - - [28/Nov/2025:14:41:51 +0100] "GET /images/logo.png HTTP/1.1" 404 4717 "http://internal-wiki.com/" "Mozilla/5.0 (compatible; Googlebot/2.1)"
10.0.0.2 - - [28/Nov/2025:14:41:52 +0100] "GET /docs HTTP/1.1" 200 2728 "-" "Mozilla/5.0 (Macintosh; Intel Mac OS X 10_15_7)"
172.16.0.1 - - [28/Nov/2025:14:41:53 +0100] "GET /docs HTTP/1.1" 200 420 "-" "Mozilla/5.0 (compatible; Googlebot/2.1)"
10.0.0.6 - - [28/Nov/2025:14:41:54 +0100] "GET /contact HTTP/1.1" 200 1501 "http://internal-wiki.com/" "Mozilla/5.0 (Windows NT 10.0; Win64; x64)"
172.16.0.4 - - [28/Nov/2025:14:41:55 +0100] "GET /images/logo.png HTTP/1.1" 404 1264 "-" "Mozilla/5.0 (Macintosh; Intel Mac OS X 10_15_7)"
172.16.0.4 - - [28/Nov/2025:14:41:56 +0100] "GET /images/logo.png HTTP/1.1" 200 2420 "http://internal-wiki.com/" "Mozilla/5.0 (Windows NT 10.0; Win64; x64)"
10.0.0.8 - - [28/Nov/2025:14:41:56 +0100] "GET /about HTTP/1.1" 404 4139 "-" "Mozilla/5.0 (Macintosh; Intel Mac OS X 10_15_7)"
10.0.0.9 - - [28/Nov/2025:14:41:57 +0100] "GET /about HTTP/1.1" 500 1418 "-" "Mozilla/5.0 (Macintosh; Intel Mac OS X 10_15_7)"
10.0.0.6 - - [28/Nov/2025:14:41:58 +0100] "GET /docs HTTP/1.1" 200 1070 "-" "Mozilla/5.0 (Linux; Android 10; SM-G973F)"
172.16.0.7 - - [28/Nov/2025:14:41:58 +0100] "GET /docs HTTP/1.1" 500 2090 "-" "Mozilla/5.0 (Windows NT 10.0; Win64; x64)"
10.0.0.1 - - [28/Nov/2025:14:41:58 +0100] "GET /contact HTTP/1.1" 500 527 "-" "Mozilla/5.0 (Macintosh; Intel Mac OS X 10_15_7)"
172.16.0.8 - - [28/Nov/2025:14:41:59 +0100] "GET /contact HTTP/1.1" 200 2025 "http://google.com/" "Mozilla/5.0 (compatible; Googlebot/2.1)"
172.16.0.9 - - [28/Nov/2025:14:41:59 +0100] "GET /css/styles.css HTTP/1.1" 200 3543 "http://google.com/" "Mozilla/5.0 (compatible; Googlebot/2.1)"
10.0.0.4 - - [28/Nov/2025:14:42:00 +0100] "GET /docs HTTP/1.1" 404 2856 "-" "Mozilla/5.0 (Windows NT 10.0; Win64; x64)"
10.0.0.5 - - [28/Nov/2025:14:42:01 +0100] "GET /about HTTP/1.1" 404 3168 "-" "Mozilla/5.0 (Windows NT 10.0; Win64; x64)"
10.0.0.2 - - [28/Nov/2025:14:42:01 +0100] "GET /api/data/v2 HTTP/1.1" 200 3995 "http://internal-wiki.com/" "Mozilla/5.0 (Linux; Android 10; SM-G973F)"
10.0.0.6 - - [28/Nov/2025:14:42:02 +0100] "GET /images/logo.png HTTP/1.1" 500 2938 "-" "Mozilla/5.0 (Linux; Android 10; SM-G973F)"
172.16.0.8 - - [28/Nov/2025:14:42:03 +0100] "GET /products HTTP/1.1" 200 814 "http://google.com/" "Mozilla/5.0 (Windows NT 10.0; Win64; x64)"
172.16.0.1 - - [28/Nov/2025:14:42:04 +0100] "GET /about HTTP/1.1" 200 4792 "http://google.com/" "Mozilla/5.0 (Windows NT 10.0; Win64; x64)"
10.0.0.1 - - [28/Nov/2025:14:42:05 +0100] "GET /css/styles.css HTTP/1.1" 200 2759 "http://google.com/" "Mozilla/5.0 (Macintosh; Intel Mac OS X 10_15_7)"
172.16.0.2 - - [28/Nov/2025:14:42:05 +0100] "GET /docs HTTP/1.1" 500 536 "-" "Mozilla/5.0 (Linux; Android 10; SM-G973F)"
10.0.0.8 - - [28/Nov/2025:14:42:07 +0100] "GET /css/styles.css HTTP/1.1" 200 760 "http://google.com/" "Mozilla/5.0 (Macintosh; Intel Mac OS X 10_15_7)"
10.0.0.2 - - [28/Nov/2025:14:42:08 +0100] "GET / HTTP/1.1" 200 4093 "http://internal-wiki.com/" "Mozilla/5.0 (Linux; Android 10; SM-G973F)"
172.16.0.8 - - [28/Nov/2025:14:42:09 +0100] "GET /api/data/v2 HTTP/1.1" 404 3057 "-" "Mozilla/5.0 (Macintosh; Intel Mac OS X 10_15_7)"
10.0.0.7 - - [28/Nov/2025:14:42:10 +0100] "GET /css/styles.css HTTP/1.1" 404 1288 "http://google.com/" "Mozilla/5.0 (Linux; Android 10; SM-G973F)"
172.16.0.3 - - [28/Nov/2025:14:42:11 +0100] "GET /contact HTTP/1.1" 200 871 "http://another-web-server.com/" "Mozilla/5.0 (Linux; Android 10; SM-G973F)"
172.16.0.6 - - [28/Nov/2025:14:42:11 +0100] "GET / HTTP/1.1" 200 3855 "http://internal-wiki.com/" "Mozilla/5.0 (Macintosh; Intel Mac OS X 10_15_7)"
10.0.0.9 - - [28/Nov/2025:14:42:12 +0100] "GET /products HTTP/1.1" 404 1525 "http://google.com/" "Mozilla/5.0 (Windows NT 10.0; Win64; x64)"
10.0.0.3 - - [28/Nov/2025:14:42:13 +0100] "GET /css/styles.css HTTP/1.1" 200 576 "-" "Mozilla/5.0 (Linux; Android 10; SM-G973F)"
10.0.0.3 - - [28/Nov/2025:14:42:15 +0100] "GET /products HTTP/1.1" 200 3813 "-" "Mozilla/5.0 (Windows NT 10.0; Win64; x64)"
10.0.0.5 - - [28/Nov/2025:14:42:15 +0100] "GET / HTTP/1.1" 200 4593 "http://google.com/" "Mozilla/5.0 (Linux; Android 10; SM-G973F)"
172.16.0.8 - - [28/Nov/2025:14:42:16 +0100] "GET /products HTTP/1.1" 200 1768 "http://internal-wiki.com/" "Mozilla/5.0 (Windows NT 10.0; Win64; x64)"
10.0.0.1 - - [28/Nov/2025:14:42:16 +0100] "GET /about HTTP/1.1" 200 5000 "http://internal-wiki.com/" "Mozilla/5.0 (Windows NT 10.0; Win64; x64)"
10.0.0.3 - - [28/Nov/2025:14:42:17 +0100] "GET /about HTTP/1.1" 404 2606 "-" "Mozilla/5.0 (Linux; Android 10; SM-G973F)"
10.0.0.5 - - [28/Nov/2025:14:42:18 +0100] "GET /contact HTTP/1.1" 500 1513 "http://internal-wiki.com/" "Mozilla/5.0 (Linux; Android 10; SM-G973F)"
10.0.0.1 - - [28/Nov/2025:14:42:19 +0100] "GET /api/data/v2 HTTP/1.1" 200 2535 "-" "Mozilla/5.0 (Windows NT 10.0; Win64; x64)"
10.0.0.6 - - [28/Nov/2025:14:42:20 +0100] "GET /images/logo.png HTTP/1.1" 404 1622 "-" "Mozilla/5.0 (Linux; Android 10; SM-G973F)"
172.16.0.2 - - [28/Nov/2025:14:42:22 +0100] "GET / HTTP/1.1" 200 2424 "-" "Mozilla/5.0 (Linux; Android 10; SM-G973F)"
172.16.0.8 - - [28/Nov/2025:14:42:23 +0100] "GET / HTTP/1.1" 404 1113 "-" "Mozilla/5.0 (Linux; Android 10; SM-G973F)"
10.0.0.3 - - [28/Nov/2025:14:42:24 +0100] "GET /products HTTP/1.1" 200 2431 "-" "Mozilla/5.0 (Linux; Android 10; SM-G973F)"
172.16.0.1 - - [28/Nov/2025:14:42:25 +0100] "GET /api/data/v2 HTTP/1.1" 200 4917 "-" "Mozilla/5.0 (Linux; Android 10; SM-G973F)"
10.0.0.7 - - [28/Nov/2025:14:42:26 +0100] "GET /docs HTTP/1.1" 200 4440 "http://internal-wiki.com/" "Mozilla/5.0 (Windows NT 10.0; Win64; x64)"
172.16.0.3 - - [28/Nov/2025:14:42:27 +0100] "GET /contact HTTP/1.1" 200 1626 "http://another-web-server.com/" "Mozilla/5.0 (Linux; Android 10; SM-G973F)"
10.0.0.6 - - [28/Nov/2025:14:42:28 +0100] "GET /contact HTTP/1.1" 200 3938 "http://internal-wiki.com/" "Mozilla/5.0 (Macintosh; Intel Mac OS X 10_15_7)"
172.16.0.9 - - [28/Nov/2025:14:42:28 +0100] "GET /docs HTTP/1.1" 200 1112 "http://internal-wiki.com/" "Mozilla/5.0 (Windows NT 10.0; Win64; x64)"
10.0.0.9 - - [28/Nov/2025:14:42:29 +0100] "GET /api/data/v2 HTTP/1.1" 200 1877 "http://google.com/" "Mozilla/5.0 (Linux; Android 10; SM-G973F)"
10.0.0.8 - - [28/Nov/2025:14:42:29 +0100] "GET /css/styles.css HTTP/1.1" 200 1988 "-" "Mozilla/5.0 (Windows NT 10.0; Win64; x64)"
172.16.0.8 - - [28/Nov/2025:14:42:31 +0100] "GET /contact HTTP/1.1" 404 1584 "http://google.com/" "Mozilla/5.0 (Windows NT 10.0; Win64; x64)"
10.0.0.9 - - [28/Nov/2025:14:42:31 +0100] "GET / HTTP/1.1" 200 2363 "http://google.com/" "Mozilla/5.0 (compatible; Googlebot/2.1)"
172.16.0.5 - - [28/Nov/2025:14:42:31 +0100] "GET /contact HTTP/1.1" 500 1766 "-" "Mozilla/5.0 (compatible; Googlebot/2.1)"
172.16.0.5 - - [28/Nov/2025:14:42:32 +0100] "GET /images/logo.png HTTP/1.1" 200 4644 "http://google.com/" "Mozilla/5.0 (Macintosh; Intel Mac OS X 10_15_7)"
10.0.0.8 - - [28/Nov/2025:14:42:33 +0100] "GET /about HTTP/1.1" 200 1090 "-" "Mozilla/5.0 (compatible; Googlebot/2.1)"
172.16.0.4 - - [28/Nov/2025:14:42:33 +0100] "GET /images/logo.png HTTP/1.1" 200 540 "-" "Mozilla/5.0 (Macintosh; Intel Mac OS X 10_15_7)"
172.16.0.3 - - [28/Nov/2025:14:42:34 +0100] "GET /images/logo.png HTTP/1.1" 404 2597 "http://google.com/" "Mozilla/5.0 (Linux; Android 10; SM-G973F)"
10.0.0.1 - - [28/Nov/2025:14:42:35 +0100] "GET /contact HTTP/1.1" 200 1195 "-" "Mozilla/5.0 (Linux; Android 10; SM-G973F)"
172.16.0.5 - - [28/Nov/2025:14:42:36 +0100] "GET /contact HTTP/1.1" 200 3858 "http://google.com/" "Mozilla/5.0 (Windows NT 10.0; Win64; x64)"
172.16.0.4 - - [28/Nov/2025:14:42:36 +0100] "GET /contact HTTP/1.1" 200 2811 "http://google.com/" "Mozilla/5.0 (compatible; Googlebot/2.1)"
172.16.0.7 - - [28/Nov/2025:14:42:37 +0100] "GET /contact HTTP/1.1" 200 2599 "-" "Mozilla/5.0 (Macintosh; Intel Mac OS X 10_15_7)"
10.0.0.9 - - [28/Nov/2025:14:42:37 +0100] "GET /contact HTTP/1.1" 404 1460 "http://google.com/" "Mozilla/5.0 (Linux; Android 10; SM-G973F)"
172.16.0.5 - - [28/Nov/2025:14:42:38 +0100] "GET /contact HTTP/1.1" 200 3994 "http://google.com/" "Mozilla/5.0 (Linux; Android 10; SM-G973F)"
172.16.0.9 - - [28/Nov/2025:14:42:39 +0100] "GET /css/styles.css HTTP/1.1" 200 894 "http://google.com/" "Mozilla/5.0 (Windows NT 10.0; Win64; x64)"
172.16.0.9 - - [28/Nov/2025:14:42:39 +0100] "GET / HTTP/1.1" 200 1173 "http://internal-wiki.com/" "Mozilla/5.0 (compatible; Googlebot/2.1)"
172.16.0.6 - - [28/Nov/2025:14:42:39 +0100] "GET /contact HTTP/1.1" 200 4239 "-" "Mozilla/5.0 (compatible; Googlebot/2.1)"
172.16.0.6 - - [28/Nov/2025:14:42:40 +0100] "GET /api/data/v2 HTTP/1.1" 200 1777 "http://google.com/" "Mozilla/5.0 (Macintosh; Intel Mac OS X 10_15_7)"
10.0.0.5 - - [28/Nov/2025:14:42:40 +0100] "GET /products HTTP/1.1" 200 3871 "http://internal-wiki.com/" "Mozilla/5.0 (compatible; Googlebot/2.1)"
172.16.0.8 - - [28/Nov/2025:14:42:41 +0100] "GET /css/styles.css HTTP/1.1" 200 3728 "http://another-web-server.com/" "Mozilla/5.0 (Macintosh; Intel Mac OS X 10_15_7)"
10.0.0.2 - - [28/Nov/2025:14:42:42 +0100] "GET / HTTP/1.1" 404 4458 "http://google.com/" "Mozilla/5.0 (compatible; Googlebot/2.1)"
10.0.0.6 - - [28/Nov/2025:14:42:43 +0100] "GET /products HTTP/1.1" 500 2145 "-" "Mozilla/5.0 (Linux; Android 10; SM-G973F)"
172.16.0.5 - - [28/Nov/2025:14:42:43 +0100] "GET /api/data/v2 HTTP/1.1" 200 2741 "http://internal-wiki.com/" "Mozilla/5.0 (Windows NT 10.0; Win64; x64)"
10.0.0.8 - - [28/Nov/2025:14:42:44 +0100] "GET /contact HTTP/1.1" 500 4165 "-" "Mozilla/5.0 (compatible; Googlebot/2.1)"
10.0.0.8 - - [28/Nov/2025:14:42:44 +0100] "GET /products HTTP/1.1" 200 989 "http://google.com/" "Mozilla/5.0 (Macintosh; Intel Mac OS X 10_15_7)"
172.16.0.7 - - [28/Nov/2025:14:42:44 +0100] "GET /about HTTP/1.1" 200 1775 "http://google.com/" "Mozilla/5.0 (Macintosh; Intel Mac OS X 10_15_7)"
10.0.0.6 - - [28/Nov/2025:14:42:45 +0100] "GET /api/data/v2 HTTP/1.1" 200 298 "http://internal-wiki.com/" "Mozilla/5.0 (compatible; Googlebot/2.1)"
172.16.0.8 - - [28/Nov/2025:14:42:46 +0100] "GET /products HTTP/1.1" 200 3716 "http://google.com/" "Mozilla/5.0 (Linux; Android 10; SM-G973F)"
172.16.0.1 - - [28/Nov/2025:14:42:48 +0100] "GET /api/data/v2 HTTP/1.1" 200 3578 "-" "Mozilla/5.0 (Linux; Android 10; SM-G973F)"
172.16.0.1 - - [28/Nov/2025:14:42:49 +0100] "GET /contact HTTP/1.1" 200 3197 "http://google.com/" "Mozilla/5.0 (Linux; Android 10; SM-G973F)"
10.0.0.2 - - [28/Nov/2025:14:42:49 +0100] "GET /docs HTTP/1.1" 200 180 "-" "Mozilla/5.0 (Linux; Android 10; SM-G973F)"
10.0.0.4 - - [28/Nov/2025:14:42:50 +0100] "GET /css/styles.css HTTP/1.1" 200 4972 "http://google.com/" "Mozilla/5.0 (compatible; Googlebot/2.1)"
10.0.0.3 - - [28/Nov/2025:14:42:51 +0100] "GET /api/data/v2 HTTP/1.1" 200 908 "http://internal-wiki.com/" "Mozilla/5.0 (compatible; Googlebot/2.1)"
172.16.0.5 - - [28/Nov/2025:14:42:52 +0100] "GET /docs HTTP/1.1" 404 2457 "-" "Mozilla/5.0 (Windows NT 10.0; Win64; x64)"
172.16.0.7 - - [28/Nov/2025:14:42:53 +0100] "GET /products HTTP/1.1" 200 3563 "-" "Mozilla/5.0 (compatible; Googlebot/2.1)"
10.0.0.9 - - [28/Nov/2025:14:42:54 +0100] "GET / HTTP/1.1" 200 802 "-" "Mozilla/5.0 (Linux; Android 10; SM-G973F)"
10.0.0.1 - - [28/Nov/2025:14:42:54 +0100] "GET /images/logo.png HTTP/1.1" 200 4824 "-" "Mozilla/5.0 (Linux; Android 10; SM-G973F)"
10.0.0.9 - - [28/Nov/2025:14:42:55 +0100] "GET /images/logo.png HTTP/1.1" 200 3413 "-" "Mozilla/5.0 (compatible; Googlebot/2.1)"
172.16.0.1 - - [28/Nov/2025:14:42:57 +0100] "GET /api/data/v2 HTTP/1.1" 200 4728 "http://internal-wiki.com/" "Mozilla/5.0 (Windows NT 10.0; Win64; x64)"
10.0.0.1 - - [28/Nov/2025:14:42:57 +0100] "GET / HTTP/1.1" 200 2784 "http://internal-wiki.com/" "Mozilla/5.0 (Windows NT 10.0; Win64; x64)"
172.16.0.7 - - [28/Nov/2025:14:42:57 +0100] "GET /images/logo.png HTTP/1.1" 200 3418 "-" "Mozilla/5.0 (Macintosh; Intel Mac OS X 10_15_7)"
10.0.0.6 - - [28/Nov/2025:14:42:58 +0100] "GET /images/logo.png HTTP/1.1" 200 292 "http://internal-wiki.com/" "Mozilla/5.0 (Linux; Android 10; SM-G973F)"
172.16.0.7 - - [28/Nov/2025:14:42:59 +0100] "GET /about HTTP/1.1" 404 412 "http://google.com/" "Mozilla/5.0 (Windows NT 10.0; Win64; x64)"
172.16.0.5 - - [28/Nov/2025:14:43:00 +0100] "GET /css/styles.css HTTP/1.1" 200 2142 "-" "Mozilla/5.0 (Linux; Android 10; SM-G973F)"
172.16.0.1 - - [28/Nov/2025:14:43:01 +0100] "GET /api/data/v2 HTTP/1.1" 200 4512 "-" "Mozilla/5.0 (Macintosh; Intel Mac OS X 10_15_7)"
10.0.0.4 - - [28/Nov/2025:14:43:02 +0100] "GET /about HTTP/1.1" 500 2149 "-" "Mozilla/5.0 (Linux; Android 10; SM-G973F)"
172.16.0.6 - - [28/Nov/2025:14:43:02 +0100] "GET /contact HTTP/1.1" 404 2077 "http://internal-wiki.com/" "Mozilla/5.0 (Macintosh; Intel Mac OS X 10_15_7)"
172.16.0.7 - - [28/Nov/2025:14:43:04 +0100] "GET /css/styles.css HTTP/1.1" 200 2607 "http://google.com/" "Mozilla/5.0 (compatible; Googlebot/2.1)"
10.0.0.8 - - [28/Nov/2025:14:43:05 +0100] "GET / HTTP/1.1" 404 3898 "-" "Mozilla/5.0 (Windows NT 10.0; Win64; x64)"
172.16.0.3 - - [28/Nov/2025:14:43:05 +0100] "GET /about HTTP/1.1" 500 2960 "http://internal-wiki.com/" "Mozilla/5.0 (compatible; Googlebot/2.1)"
172.16.0.6 - - [28/Nov/2025:14:43:05 +0100] "GET /images/logo.png HTTP/1.1" 200 4319 "http://another-web-server.com/" "Mozilla/5.0 (compatible; Googlebot/2.1)"
10.0.0.3 - - [28/Nov/2025:14:43:07 +0100] "GET /docs HTTP/1.1" 404 793 "-" "Mozilla/5.0 (Windows NT 10.0; Win64; x64)"
10.0.0.6 - - [28/Nov/2025:14:43:07 +0100] "GET / HTTP/1.1" 200 1028 "http://google.com/" "Mozilla/5.0 (Linux; Android 10; SM-G973F)"
10.0.0.7 - - [28/Nov/2025:14:43:08 +0100] "GET /docs HTTP/1.1" 500 4491 "http://google.com/" "Mozilla/5.0 (Windows NT 10.0; Win64; x64)"
10.0.0.2 - - [28/Nov/2025:14:43:08 +0100] "GET /css/styles.css HTTP/1.1" 404 3681 "http://google.com/" "Mozilla/5.0 (Windows NT 10.0; Win64; x64)"
172.16.0.9 - - [28/Nov/2025:14:43:09 +0100] "GET /api/data/v2 HTTP/1.1" 200 4126 "http://internal-wiki.com/" "Mozilla/5.0 (Macintosh; Intel Mac OS X 10_15_7)"
10.0.0.9 - - [28/Nov/2025:14:43:11 +0100] "GET /images/logo.png HTTP/1.1" 200 3408 "-" "Mozilla/5.0 (Linux; Android 10; SM-G973F)"
172.16.0.5 - - [28/Nov/2025:14:43:11 +0100] "GET /docs HTTP/1.1" 200 2888 "http://google.com/" "Mozilla/5.0 (compatible; Googlebot/2.1)"
172.16.0.4 - - [28/Nov/2025:14:43:11 +0100] "GET /api/data/v2 HTTP/1.1" 404 3030 "http://google.com/" "Mozilla/5.0 (Macintosh; Intel Mac OS X 10_15_7)"
172.16.0.7 - - [28/Nov/2025:14:43:13 +0100] "GET /products HTTP/1.1" 200 687 "-" "Mozilla/5.0 (Linux; Android 10; SM-G973F)"
172.16.0.8 - - [28/Nov/2025:14:43:14 +0100] "GET /contact HTTP/1.1" 404 4395 "-" "Mozilla/5.0 (compatible; Googlebot/2.1)"
10.0.0.3 - - [28/Nov/2025:14:43:15 +0100] "GET /products HTTP/1.1" 500 4789 "-" "Mozilla/5.0 (compatible; Googlebot/2.1)"
172.16.0.6 - - [28/Nov/2025:14:43:16 +0100] "GET /api/data/v2 HTTP/1.1" 404 2158 "-" "Mozilla/5.0 (Windows NT 10.0; Win64; x64)"
172.16.0.4 - - [28/Nov/2025:14:43:17 +0100] "GET / HTTP/1.1" 200 3145 "http://internal-wiki.com/" "Mozilla/5.0 (Linux; Android 10; SM-G973F)"
172.16.0.2 - - [28/Nov/2025:14:43:18 +0100] "GET /docs HTTP/1.1" 200 1723 "http://google.com/" "Mozilla/5.0 (Linux; Android 10; SM-G973F)"
172.16.0.8 - - [28/Nov/2025:14:43:19 +0100] "GET /css/styles.css HTTP/1.1" 200 4705 "-" "Mozilla/5.0 (Macintosh; Intel Mac OS X 10_15_7)"
172.16.0.3 - - [28/Nov/2025:14:43:19 +0100] "GET /about HTTP/1.1" 200 115 "-" "Mozilla/5.0 (Windows NT 10.0; Win64; x64)"
172.16.0.9 - - [28/Nov/2025:14:43:20 +0100] "GET /css/styles.css HTTP/1.1" 200 2248 "http://internal-wiki.com/" "Mozilla/5.0 (Windows NT 10.0; Win64; x64)"
10.0.0.9 - - [28/Nov/2025:14:43:21 +0100] "GET / HTTP/1.1" 200 2755 "http://another-web-server.com/" "Mozilla/5.0 (Windows NT 10.0; Win64; x64)"
