10.0.0.9 - - [28/Nov/2025:14:33:45 +0100] "GET /css/styles.css HTTP/1.1" 404 1790 "http://google.com/" "Mozilla/5.0 (Linux; Android 10; SM-G973F)"
192.168.1.99 - - [28/Nov/2025:14:33:45 +0100] "GET /search.php?user_cookie=s0me_base64_c0de_DDC{Tim3_Tr4v3l HTTP/1.1" 200 1405 "-" "Mozilla/5.0 (Custom-Scanner; Log-Digger; PID:12345)"
10.0.0.8 - - [28/Nov/2025:14:33:46 +0100] "GET /about HTTP/1.1" 200 4810 "http://google.com/" "Mozilla/5.0 (Macintosh; Intel Mac OS X 10_15_7)"
172.16.0.5 - - [28/Nov/2025:14:33:47 +0100] "GET /docs HTTP/1.1" 200 4538 "-" "Mozilla/5.0 (compatible; Googlebot/2.1)"
172.16.0.7 - - [28/Nov/2025:14:33:48 +0100] "GET /products HTTP/1.1" 200 516 "-" "Mozilla/5.0 (Linux; Android 10; SM-G973F)"
10.0.0.4 - - [28/Nov/2025:14:33:49 +0100] "GET /images/logo.png HTTP/1.1" 200 2355 "http://google.com/" "Mozilla/5.0 (Macintosh; Intel Mac OS X 10_15_7)"
172.16.0.4 - - [28/Nov/2025:14:33:50 +0100] "GET /css/styles.css HTTP/1.1" 200 2318 "http://internal-wiki.com/" "Mozilla/5.0 (Windows NT 10.0; Win64; x64)"
172.16.0.3 - - [28/Nov/2025:14:33:51 +0100] "GET /about HTTP/1.1" 200 4296 "http://another-web-server.com/" "Mozilla/5.0 (compatible; Googlebot/2.1)"
10.0.0.9 - - [28/Nov/2025:14:33:52 +0100] "GET /css/styles.css HTTP/1.1" 200 2544 "-" "Mozilla/5.0 (Windows NT 10.0; Win64; x64)"
172.16.0.4 - - [28/Nov/2025:14:33:53 +0100] "GET /css/styles.css HTTP/1.1" 200 3784 "http://google.com/" "Mozilla/5.0 (Macintosh; Intel Mac OS X 10_15_7)"
10.0.0.5 - - [28/Nov/2025:14:33:54 +0100] "GET / HTTP/1.1" 404 4747 "http://google.com/" "Mozilla/5.0 (Linux; Android 10; SM-G973F)"
172.16.0.8 - - [28/Nov/2025:14:33:55 +0100] "GET / HTTP/1.1" 200 2975 "-" "Mozilla/5.0 (Linux; Android 10; SM-G973F)"
172.16.0.3 - - [28/Nov/2025:14:33:56 +0100] "GET /docs HTTP/1.1" 404 2539 "-" "Mozilla/5.0 (Windows NT 10.0; Win64; x64)"
172.16.0.1 - - [28/Nov/2025:14:33:57 +0100] "GET /about HTTP/1.1" 404 923 "http://internal-wiki.com/" "Mozilla/5.0 (Windows NT 10.0; Win64; x64)"
172.16.0.5 - - [28/Nov/2025:14:33:58 +0100] "GET /about HTTP/1.1" 200 1089 "http://google.com/" "Mozilla/5.0 (Windows NT 10.0; Win64; x64)"
10.0.0.3 - - [28/Nov/2025:14:34:00 +0100] "GET /docs HTTP/1.1" 200 527 "-" "Mozilla/5.0 (Macintosh; Intel Mac OS X 10_15_7)"
192.168.1.99 - - [28/Nov/2025:14:34:00 +0100] "GET /report.html HTTP/1.1" 200 1002 "http://internal.legacy-server.local/files/temp/_L0g_An4lys1s}/page.php" "Mozilla/5.0 (Macintosh; Intel Mac OS X 10_15_7)"
10.0.0.6 - - [28/Nov/2025:14:34:01 +0100] "GET /images/logo.png HTTP/1.1" 200 2551 "-" "Mozilla/5.0 (compatible; Googlebot/2.1)"
10.0.0.5 - - [28/Nov/2025:14:34:01 +0100] "GET /about HTTP/1.1" 200 1500 "http://google.com/" "Mozilla/5.0 (Windows NT 10.0; Win64; x64)"
172.16.0.8 - - [28/Nov/2025:14:34:03 +0100] "GET / HTTP/1.1" 200 794 "http://internal-wiki.com/" "Mozilla/5.0 (compatible; Googlebot/2.1)"
10.0.0.2 - - [28/Nov/2025:14:34:03 +0100] "GET /api/data/v2 HTTP/1.1" 200 3796 "-" "Mozilla/5.0 (Linux; Android 10; SM-G973F)"
10.0.0.9 - - [28/Nov/2025:14:34:03 +0100] "GET /images/logo.png HTTP/1.1" 200 3270 "-" "Mozilla/5.0 (Macintosh; Intel Mac OS X 10_15_7)"
10.0.0.9 - - [28/Nov/2025:14:34:04 +0100] "GET /images/logo.png HTTP/1.1" 200 3576 "http://internal-wiki.com/" "Mozilla/5.0 (compatible; Googlebot/2.1)"
10.0.0.6 - - [28/Nov/2025:14:34:05 +0100] "GET /contact HTTP/1.1" 500 674 "http://google.com/" "Mozilla/5.0 (Windows NT 10.0; Win64; x64)"
172.16.0.8 - - [28/Nov/2025:14:34:06 +0100] "GET /products HTTP/1.1" 200 1658 "-" "Mozilla/5.0 (Windows NT 10.0; Win64; x64)"
172.16.0.8 - - [28/Nov/2025:14:34:07 +0100] "GET /css/styles.css HTTP/1.1" 200 2972 "http://internal-wiki.com/" "Mozilla/5.0 (Windows NT 10.0; Win64; x64)"
172.16.0.1 - - [28/Nov/2025:14:34:08 +0100] "GET /contact HTTP/1.1" 200 4033 "http://google.com/" "Mozilla/5.0 (Linux; Android 10; SM-G973F)"
10.0.0.5 - - [28/Nov/2025:14:34:08 +0100] "GET /products HTTP/1.1" 200 3870 "http://google.com/" "Mozilla/5.0 (compatible; Googlebot/2.1)"
10.0.0.4 - - [28/Nov/2025:14:34:09 +0100] "GET /about HTTP/1.1" 200 449 "http://google.com/" "Mozilla/5.0 (Macintosh; Intel Mac OS X 10_15_7)"
172.16.0.9 - - [28/Nov/2025:14:34:09 +0100] "GET /contact HTTP/1.1" 200 4698 "http://google.com/" "Mozilla/5.0 (Windows NT 10.0; Win64; x64)"
10.0.0.8 - - [28/Nov/2025:14:34:10 +0100] "GET /contact HTTP/1.1" 500 904 "http://google.com/" "Mozilla/5.0 (Windows NT 10.0; Win64; x64)"
172.16.0.4 - - [28/Nov/2025:14:34:11 +0100] "GET /api/data/v2 HTTP/1.1" 200 3455 "http://internal-wiki.com/" "Mozilla/5.0 (Linux; Android 10; SM-G973F)"
10.0.0.9 - - [28/Nov/2025:14:34:11 +0100] "GET /about HTTP/1.1" 200 288 "-" "Mozilla/5.0 (compatible; Googlebot/2.1)"
172.16.0.3 - - [28/Nov/2025:14:34:12 +0100] "GET /css/styles.css HTTP/1.1" 200 3192 "http://internal-wiki.com/" "Mozilla/5.0 (Linux; Android 10; SM-G973F)"
172.16.0.2 - - [28/Nov/2025:14:34:13 +0100] "GET /images/logo.png HTTP/1.1" 200 2581 "-" "Mozilla/5.0 (compatible; Googlebot/2.1)"
172.16.0.7 - - [28/Nov/2025:14:34:13 +0100] "GET /css/styles.css HTTP/1.1" 500 4036 "http://internal-wiki.com/" "Mozilla/5.0 (compatible; Googlebot/2.1)"
10.0.0.1 - - [28/Nov/2025:14:34:14 +0100] "GET /docs HTTP/1.1" 200 982 "http://internal-wiki.com/" "Mozilla/5.0 (compatible; Googlebot/2.1)"
172.16.0.2 - - [28/Nov/2025:14:34:15 +0100] "GET /docs HTTP/1.1" 200 1480 "http://internal-wiki.com/" "Mozilla/5.0 (compatible; Googlebot/2.1)"
10.0.0.3 - - [28/Nov/2025:14:34:15 +0100] "GET /api/data/v2 HTTP/1.1" 404 656 "http://google.com/" "Mozilla/5.0 (Macintosh; Intel Mac OS X 10_15_7)"
10.0.0.7 - - [28/Nov/2025:14:34:16 +0100] "GET /css/styles.css HTTP/1.1" 404 3266 "-" "Mozilla/5.0 (Windows NT 10.0; Win64; x64)"
10.0.0.8 - - [28/Nov/2025:14:34:16 +0100] "GET / HTTP/1.1" 500 4337 "http://internal-wiki.com/" "Mozilla/5.0 (compatible; Googlebot/2.1)"
172.16.0.8 - - [28/Nov/2025:14:34:17 +0100] "GET /products HTTP/1.1" 200 1675 "-" "Mozilla/5.0 (Windows NT 10.0; Win64; x64)"
172.16.0.3 - - [28/Nov/2025:14:34:18 +0100] "GET /docs HTTP/1.1" 404 2935 "http://google.com/" "Mozilla/5.0 (Macintosh; Intel Mac OS X 10_15_7)"
10.0.0.5 - - [28/Nov/2025:14:34:19 +0100] "GET /products HTTP/1.1" 200 2570 "http://internal-wiki.com/" "Mozilla/5.0 (Windows NT 10.0; Win64; x64)"
172.16.0.6 - - [28/Nov/2025:14:34:20 +0100] "GET /css/styles.css HTTP/1.1" 200 876 "http://google.com/" "Mozilla/5.0 (Linux; Android 10; SM-G973F)"
172.16.0.5 - - [28/Nov/2025:14:34:20 +0100] "GET /products HTTP/1.1" 200 299 "http://internal-wiki.com/" "Mozilla/5.0 (compatible; Googlebot/2.1)"
172.16.0.9 - - [28/Nov/2025:14:34:20 +0100] "GET /css/styles.css HTTP/1.1" 200 1566 "http://internal-wiki.com/" "Mozilla/5.0 (Macintosh; Intel Mac OS X 10_15_7)"
10.0.0.4 - - [28/Nov/2025:14:34:20 +0100] "GET /products HTTP/1.1" 200 963 "http://google.com/" "Mozilla/5.0 (compatible; Googlebot/2.1)"
172.16.0.8 - - [28/Nov/2025:14:34:21 +0100] "GET /css/styles.css HTTP/1.1" 200 272 "http://internal-wiki.com/" "Mozilla/5.0 (compatible; Googlebot/2.1)"
172.16.0.1 - - [28/Nov/2025:14:34:22 +0100] "GET /css/styles.css HTTP/1.1" 500 2511 "http://google.com/" "Mozilla/5.0 (compatible; Googlebot/2.1)"
172.16.0.5 - - [28/Nov/2025:14:34:23 +0100] "GET /images/logo.png HTTP/1.1" 200 4233 "-" "Mozilla/5.0 (Windows NT 10.0; Win64; x64)"
10.0.0.3 - - [28/Nov/2025:14:34:23 +0100] "GET /contact HTTP/1.1" 404 1877 "http://internal-wiki.com/" "Mozilla/5.0 (Windows NT 10.0; Win64; x64)"
172.16.0.5 - - [28/Nov/2025:14:34:24 +0100] "GET /contact HTTP/1.1" 500 1580 "-" "Mozilla/5.0 (Windows NT 10.0; Win64; x64)"
10.0.0.4 - - [28/Nov/2025:14:34:24 +0100] "GET /css/styles.css HTTP/1.1" 200 3717 "-" "Mozilla/5.0 (Linux; Android 10; SM-G973F)"
172.16.0.2 - - [28/Nov/2025:14:34:25 +0100] "GET / HTTP/1.1" 200 4205 "http://internal-wiki.com/" "Mozilla/5.0 (compatible; Googlebot/2.1)"
10.0.0.2 - - [28/Nov/2025:14:34:26 +0100] "GET /products HTTP/1.1" 200 4536 "-" "Mozilla/5.0 (Linux; Android 10; SM-G973F)"
10.0.0.4 - - [28/Nov/2025:14:34:27 +0100] "GET /contact HTTP/1.1" 200 4336 "http://internal-wiki.com/" "Mozilla/5.0 (Windows NT 10.0; Win64; x64)"
10.0.0.4 - - [28/Nov/2025:14:34:28 +0100] "GET /about HTTP/1.1" 200 1552 "http://google.com/" "Mozilla/5.0 (Linux; Android 10; SM-G973F)"
172.16.0.5 - - [28/Nov/2025:14:34:29 +0100] "GET /products HTTP/1.1" 404 3668 "http://internal-wiki.com/" "Mozilla/5.0 (Windows NT 10.0; Win64; x64)"
172.16.0.8 - - [28/Nov/2025:14:34:30 +0100] "GET / HTTP/1.1" 404 2900 "-" "Mozilla/5.0 (Macintosh; Intel Mac OS X 10_15_7)"
172.16.0.1 - - [28/Nov/2025:14:34:30 +0100] "GET /contact HTTP/1.1" 200 1905 "-" "Mozilla/5.0 (compatible; Googlebot/2.1)"
10.0.0.3 - - [28/Nov/2025:14:34:31 +0100] "GET / HTTP/1.1" 500 2816 "http://google.com/" "Mozilla/5.0 (Linux; Android 10; SM-G973F)"
172.16.0.6 - - [28/Nov/2025:14:34:32 +0100] "GET /images/logo.png HTTP/1.1" 200 3216 "http://internal-wiki.com/" "Mozilla/5.0 (Macintosh; Intel Mac OS X 10_15_7)"
172.16.0.6 - - [28/Nov/2025:14:34:32 +0100] "GET /css/styles.css HTTP/1.1" 200 4830 "-" "Mozilla/5.0 (Linux; Android 10; SM-G973F)"
172.16.0.9 - - [28/Nov/2025:14:34:33 +0100] "GET /docs HTTP/1.1" 500 2368 "http://google.com/" "Mozilla/5.0 (Windows NT 10.0; Win64; x64)"
172.16.0.2 - - [28/Nov/2025:14:34:34 +0100] "GET /docs HTTP/1.1" 500 913 "http://another-web-server.com/" "Mozilla/5.0 (Windows NT 10.0; Win64; x64)"
172.16.0.3 - - [28/Nov/2025:14:34:35 +0100] "GET /css/styles.css HTTP/1.1" 500 3432 "http://google.com/" "Mozilla/5.0 (Windows NT 10.0; Win64; x64)"
10.0.0.2 - - [28/Nov/2025:14:34:36 +0100] "GET /images/logo.png HTTP/1.1" 500 1575 "http://internal-wiki.com/" "Mozilla/5.0 (Windows NT 10.0; Win64; x64)"
10.0.0.4 - - [28/Nov/2025:14:34:36 +0100] "GET / HTTP/1.1" 200 252 "-" "Mozilla/5.0 (Linux; Android 10; SM-G973F)"
10.0.0.1 - - [28/Nov/2025:14:34:37 +0100] "GET /about HTTP/1.1" 200 3179 "http://google.com/" "Mozilla/5.0 (compatible; Googlebot/2.1)"
172.16.0.3 - - [28/Nov/2025:14:34:38 +0100] "GET / HTTP/1.1" 200 1448 "http://google.com/" "Mozilla/5.0 (Linux; Android 10; SM-G973F)"
10.0.0.4 - - [28/Nov/2025:14:34:38 +0100] "GET /images/logo.png HTTP/1.1" 200 4058 "http://google.com/" "Mozilla/5.0 (compatible; Googlebot/2.1)"
172.16.0.4 - - [28/Nov/2025:14:34:38 +0100] "GET /css/styles.css HTTP/1.1" 404 480 "http://another-web-server.com/" "Mozilla/5.0 (compatible; Googlebot/2.1)"
10.0.0.9 - - [28/Nov/2025:14:34:40 +0100] "GET /api/data/v2 HTTP/1.1" 200 1677 "http://another-web-server.com/" "Mozilla/5.0 (Linux; Android 10; SM-G973F)"
172.16.0.6 - - [28/Nov/2025:14:34:41 +0100] "GET /api/data/v2 HTTP/1.1" 200 4817 "http://google.com/" "Mozilla/5.0 (Windows NT 10.0; Win64; x64)"
172.16.0.6 - - [28/Nov/2025:14:34:41 +0100] "GET /images/logo.png HTTP/1.1" 200 2632 "http://google.com/" "Mozilla/5.0 (Windows NT 10.0; Win64; x64)"
172.16.0.8 - - [28/Nov/2025:14:34:43 +0100] "GET /about HTTP/1.1" 200 2287 "-" "Mozilla/5.0 (Macintosh; Intel Mac OS X 10_15_7)"
172.16.0.8 - - [28/Nov/2025:14:34:43 +0100] "GET /api/data/v2 HTTP/1.1" 500 2972 "http://internal-wiki.com/" "Mozilla/5.0 (compatible; Googlebot/2.1)"
172.16.0.6 - - [28/Nov/2025:14:34:44 +0100] "GET /images/logo.png HTTP/1.1" 200 2642 "-" "Mozilla/5.0 (Linux; Android 10; SM-G973F)"
172.16.0.2 - - [28/Nov/2025:14:34:45 +0100] "GET / HTTP/1.1" 200 2064 "http://internal-wiki.com/" "Mozilla/5.0 (Windows NT 10.0; Win64; x64)"
172.16.0.8 - - [28/Nov/2025:14:34:45 +0100] "GET /about HTTP/1.1" 404 2453 "-" "Mozilla/5.0 (Macintosh; Intel Mac OS X 10_15_7)"
172.16.0.8 - - [28/Nov/2025:14:34:46 +0100] "GET /contact HTTP/1.1" 200 799 "http://internal-wiki.com/" "Mozilla/5.0 (Linux; Android 10; SM-G973F)"
172.16.0.2 - - [28/Nov/2025:14:34:46 +0100] "GET / HTTP/1.1" 200 923 "http://internal-wiki.com/" "Mozilla/5.0 (Windows NT 10.0; Win64; x64)"
172.16.0.5 - - [28/Nov/2025:14:34:47 +0100] "GET /css/styles.css HTTP/1.1" 200 3332 "http://internal-wiki.com/" "Mozilla/5.0 (Windows NT 10.0; Win64; x64)"
172.16.0.3 - - [28/Nov/2025:14:34:48 +0100] "GET /about HTTP/1.1" 404 4054 "http://google.com/" "Mozilla/5.0 (compatible; Googlebot/2.1)"
172.16.0.3 - - [28/Nov/2025:14:34:48 +0100] "GET /products HTTP/1.1" 200 651 "http://internal-wiki.com/" "Mozilla/5.0 (Windows NT 10.0; Win64; x64)"
172.16.0.1 - - [28/Nov/2025:14:34:49 +0100] "GET /css/styles.css HTTP/1.1" 404 2598 "http://internal-wiki.com/" "Mozilla/5.0 (compatible; Googlebot/2.1)"
10.0.0.7 - - [28/Nov/2025:14:34:50 +0100] "GET /api/data/v2 HTTP/1.1" 500 3309 "http://internal-wiki.com/" "Mozilla/5.0 (Windows NT 10.0; Win64; x64)"
172.16.0.2 - - [28/Nov/2025:14:34:50 +0100] "GET /contact HTTP/1.1" 200 3375 "-" "Mozilla/5.0 (Linux; Android 10; SM-G973F)"
172.16.0.8 - - [28/Nov/2025:14:34:51 +0100] "GET /about HTTP/1.1" 200 2680 "http://another-web-server.com/" "Mozilla/5.0 (Windows NT 10.0; Win64; x64)"
10.0.0.3 - - [28/Nov/2025:14:34:52 +0100] "GET /docs HTTP/1.1" 200 1936 "-" "Mozilla/5.0 (Windows NT 10.0; Win64; x64)"
10.0.0.6 - - [28/Nov/2025:14:34:54 +0100] "GET /images/logo.png HTTP/1.1" 404 4380 "http://google.com/" "Mozilla/5.0 (Linux; Android 10; SM-G973F)"
10.0.0.1 - - [28/Nov/2025:14:34:54 +0100] "GET /images/logo.png HTTP/1.1" 200 3657 "-" "Mozilla/5.0 (Windows NT 10.0; Win64; x64)"
172.16.0.4 - - [28/Nov/2025:14:34:56 +0100] "GET /css/styles.css HTTP/1.1" 200 4879 "-" "Mozilla/5.0 (Macintosh; Intel Mac OS X 10_15_7)"
172.16.0.1 - - [28/Nov/2025:14:34:57 +0100] "GET /docs HTTP/1.1" 404 2847 "-" "Mozilla/5.0 (compatible; Googlebot/2.1)"
172.16.0.6 - - [28/Nov/2025:14:34:57 +0100] "GET /images/logo.png HTTP/1.1" 200 997 "-" "Mozilla/5.0 (compatible; Googlebot/2.1)"
10.0.0.7 - - [28/Nov/2025:14:34:59 +0100] "GET / HTTP/1.1" 200 3087 "http://internal-wiki.com/" "Mozilla/5.0 (Linux; Android 10; SM-G973F)"
172.16.0.9 - - [28/Nov/2025:14:34:59 +0100] "GET /css/styles.css HTTP/1.1" 404 2841 "http://internal-wiki.com/" "Mozilla/5.0 (Windows NT 10.0; Win64; x64)"
10.0.0.1 - - [28/Nov/2025:14:34:59 +0100] "GET /api/data/v2 HTTP/1.1" 200 4953 "http://internal-wiki.com/" "Mozilla/5.0 (Linux; Android 10; SM-G973F)"
172.16.0.6 - - [28/Nov/2025:14:35:00 +0100] "GET / HTTP/1.1" 200 480 "http://internal-wiki.com/" "Mozilla/5.0 (Windows NT 10.0; Win64; x64)"
172.16.0.4 - - [28/Nov/2025:14:35:00 +0100] "GET /about HTTP/1.1" 200 1572 "-" "Mozilla/5.0 (Macintosh; Intel Mac OS X 10_15_7)"
10.0.0.4 - - [28/Nov/2025:14:35:01 +0100] "GET /products HTTP/1.1" 404 1955 "http://internal-wiki.com/" "Mozilla/5.0 (Windows NT 10.0; Win64; x64)"
172.16.0.2 - - [28/Nov/2025:14:35:02 +0100] "GET /images/logo.png HTTP/1.1" 200 2319 "-" "Mozilla/5.0 (Linux; Android 10; SM-G973F)"
10.0.0.4 - - [28/Nov/2025:14:35:02 +0100] "GET /products HTTP/1.1" 200 3063 "http://internal-wiki.com/" "Mozilla/5.0 (Macintosh; Intel Mac OS X 10_15_7)"
172.16.0.1 - - [28/Nov/2025:14:35:03 +0100] "GET /contact HTTP/1.1" 200 2359 "http://internal-wiki.com/" "Mozilla/5.0 (Windows NT 10.0; Win64; x64)"
10.0.0.7 - - [28/Nov/2025:14:35:04 +0100] "GET / HTTP/1.1" 200 3102 "http://internal-wiki.com/" "Mozilla/5.0 (compatible; Googlebot/2.1)"
172.16.0.4 - - [28/Nov/2025:14:35:05 +0100] "GET /api/data/v2 HTTP/1.1" 200 4347 "http://internal-wiki.com/" "Mozilla/5.0 (compatible; Googlebot/2.1)"
10.0.0.5 - - [28/Nov/2025:14:35:07 +0100] "GET /products HTTP/1.1" 200 1880 "-" "Mozilla/5.0 (Linux; Android 10; SM-G973F)"
172.16.0.6 - - [28/Nov/2025:14:35:08 +0100] "GET /images/logo.png HTTP/1.1" 200 1099 "http://google.com/" "Mozilla/5.0 (compatible; Googlebot/2.1)"
172.16.0.2 - - [28/Nov/2025:14:35:08 +0100] "GET /images/logo.png HTTP/1.1" 200 1860 "http://google.com/" "Mozilla/5.0 (Macintosh; Intel Mac OS X 10_15_7)"
10.0.0.7 - - [28/Nov/2025:14:35:08 +0100] "GET /docs HTTP/1.1" 500 1275 "http://google.com/" "Mozilla/5.0 (compatible; Googlebot/2.1)"
10.0.0.4 - - [28/Nov/2025:14:35:09 +0100] "GET /products HTTP/1.1" 200 143 "http://internal-wiki.com/" "Mozilla/5.0 (compatible; Googlebot/2.1)"
10.0.0.7 - - [28/Nov/2025:14:35:09 +0100] "GET /contact HTTP/1.1" 200 549 "http://google.com/" "Mozilla/5.0 (Macintosh; Intel Mac OS X 10_15_7)"
10.0.0.2 - - [28/Nov/2025:14:35:09 +0100] "GET / HTTP/1.1" 200 3767 "http://google.com/" "Mozilla/5.0 (Linux; Android 10; SM-G973F)"
10.0.0.5 - - [28/Nov/2025:14:35:10 +0100] "GET /images/logo.png HTTP/1.1" 200 551 "-" "Mozilla/5.0 (Macintosh; Intel Mac OS X 10_15_7)"
10.0.0.1 - - [28/Nov/2025:14:35:12 +0100] "GET /images/logo.png HTTP/1.1" 200 557 "http://google.com/" "Mozilla/5.0 (compatible; Googlebot/2.1)"
172.16.0.8 - - [28/Nov/2025:14:35:13 +0100] "GET /about HTTP/1.1" 200 1775 "-" "Mozilla/5.0 (Linux; Android 10; SM-G973F)"
172.16.0.4 - - [28/Nov/2025:14:35:14 +0100] "GET /css/styles.css HTTP/1.1" 200 4071 "-" "Mozilla/5.0 (Windows NT 10.0; Win64; x64)"
10.0.0.6 - - [28/Nov/2025:14:35:14 +0100] "GET /about HTTP/1.1" 404 1661 "http://google.com/" "Mozilla/5.0 (Linux; Android 10; SM-G973F)"
10.0.0.6 - - [28/Nov/2025:14:35:16 +0100] "GET /css/styles.css HTTP/1.1" 200 1071 "-" "Mozilla/5.0 (compatible; Googlebot/2.1)"
10.0.0.6 - - [28/Nov/2025:14:35:16 +0100] "GET /css/styles.css HTTP/1.1" 200 1598 "http://google.com/" "Mozilla/5.0 (Windows NT 10.0; Win64; x64)"
10.0.0.6 - - [28/Nov/2025:14:35:17 +0100] "GET /contact HTTP/1.1" 200 1241 "http://internal-wiki.com/" "Mozilla/5.0 (compatible; Googlebot/2.1)"
10.0.0.2 - - [28/Nov/2025:14:35:18 +0100] "GET /docs HTTP/1.1" 200 3498 "http://internal-wiki.com/" "Mozilla/5.0 (Macintosh; Intel Mac OS X 10_15_7)"
172.16.0.2 - - [28/Nov/2025:14:35:18 +0100] "GET /products HTTP/1.1" 200 2623 "-" "Mozilla/5.0 (compatible; Googlebot/2.1)"
172.16.0.3 - - [28/Nov/2025:14:35:19 +0100] "GET / HTTP/1.1" 200 1873 "http://another-web-server.com/" "Mozilla/5.0 (Linux; Android 10; SM-G973F)"
10.0.0.9 - - [28/Nov/2025:14:35:20 +0100] "GET /api/data/v2 HTTP/1.1" 404 4944 "http://google.com/" "Mozilla/5.0 (Linux; Android 10; SM-G973F)"
10.0.0.9 - - [28/Nov/2025:14:35:22 +0100] "GET /products HTTP/1.1" 500 3024 "http://internal-wiki.com/" "Mozilla/5.0 (Linux; Android 10; SM-G973F)"
10.0.0.6 - - [28/Nov/2025:14:35:22 +0100] "GET /images/logo.png HTTP/1.1" 200 2282 "http://internal-wiki.com/" "Mozilla/5.0 (compatible; Googlebot/2.1)"
10.0.0.3 - - [28/Nov/2025:14:35:23 +0100] "GET /docs HTTP/1.1" 200 3583 "http://internal-wiki.com/" "Mozilla/5.0 (Windows NT 10.0; Win64; x64)"
172.16.0.7 - - [28/Nov/2025:14:35:24 +0100] "GET /api/data/v2 HTTP/1.1" 404 4325 "http://another-web-server.com/" "Mozilla/5.0 (compatible; Googlebot/2.1)"
10.0.0.6 - - [28/Nov/2025:14:35:25 +0100] "GET /contact HTTP/1.1" 200 559 "http://internal-wiki.com/" "Mozilla/5.0 (Windows NT 10.0; Win64; x64)"
10.0.0.5 - - [28/Nov/2025:14:35:26 +0100] "GET /docs HTTP/1.1" 404 3396 "http://internal-wiki.com/" "Mozilla/5.0 (Macintosh; Intel Mac OS X 10_15_7)"
172.16.0.1 - - [28/Nov/2025:14:35:26 +0100] "GET /api/data/v2 HTTP/1.1" 200 471 "http://google.com/" "Mozilla/5.0 (Windows NT 10.0; Win64; x64)"
172.16.0.1 - - [28/Nov/2025:14:35:26 +0100] "GET /contact HTTP/1.1" 200 4201 "http://google.com/" "Mozilla/5.0 (Linux; Android 10; SM-G973F)"
172.16.0.6 - - [28/Nov/2025:14:35:27 +0100] "GET /contact HTTP/1.1" 500 2795 "-" "Mozilla/5.0 (Linux; Android 10; SM-G973F)"
10.0.0.6 - - [28/Nov/2025:14:35:28 +0100] "GET /api/data/v2 HTTP/1.1" 200 4631 "-" "Mozilla/5.0 (Macintosh; Intel Mac OS X 10_15_7)"
10.0.0.3 - - [28/Nov/2025:14:35:29 +0100] "GET /css/styles.css HTTP/1.1" 200 4018 "http://internal-wiki.com/" "Mozilla/5.0 (Linux; Android 10; SM-G973F)"
10.0.0.4 - - [28/Nov/2025:14:35:29 +0100] "GET /images/logo.png HTTP/1.1" 200 2597 "http://another-web-server.com/" "Mozilla/5.0 (Linux; Android 10; SM-G973F)"
10.0.0.8 - - [28/Nov/2025:14:35:30 +0100] "GET /products HTTP/1.1" 500 4862 "http://google.com/" "Mozilla/5.0 (Windows NT 10.0; Win64; x64)"
172.16.0.7 - - [28/Nov/2025:14:35:30 +0100] "GET /about HTTP/1.1" 200 1717 "http://another-web-server.com/" "Mozilla/5.0 (compatible; Googlebot/2.1)"
172.16.0.1 - - [28/Nov/2025:14:35:31 +0100] "GET /products HTTP/1.1" 200 4433 "http://google.com/" "Mozilla/5.0 (Linux; Android 10; SM-G973F)"
10.0.0.2 - - [28/Nov/2025:14:35:32 +0100] "GET /products HTTP/1.1" 200 3880 "http://another-web-server.com/" "Mozilla/5.0 (Macintosh; Intel Mac OS X 10_15_7)"
172.16.0.5 - - [28/Nov/2025:14:35:33 +0100] "GET /images/logo.png HTTP/1.1" 500 4395 "-" "Mozilla/5.0 (compatible; Googlebot/2.1)"
10.0.0.2 - - [28/Nov/2025:14:35:34 +0100] "GET /products HTTP/1.1" 200 275 "-" "Mozilla/5.0 (compatible; Googlebot/2.1)"
172.16.0.4 - - [28/Nov/2025:14:35:35 +0100] "GET /products HTTP/1.1" 404 2926 "http://another-web-server.com/" "Mozilla/5.0 (Windows NT 10.0; Win64; x64)"
10.0.0.3 - - [28/Nov/2025:14:35:36 +0100] "GET /products HTTP/1.1" 200 158 "http://internal-wiki.com/" "Mozilla/5.0 (Linux; Android 10; SM-G973F)"
10.0.0.5 - - [28/Nov/2025:14:35:36 +0100] "GET /contact HTTP/1.1" 200 4659 "http://google.com/" "Mozilla/5.0 (Windows NT 10.0; Win64; x64)"
10.0.0.2 - - [28/Nov/2025:14:35:38 +0100] "GET /docs HTTP/1.1" 200 2725 "http://google.com/" "Mozilla/5.0 (Linux; Android 10; SM-G973F)"
10.0.0.2 - - [28/Nov/2025:14:35:38 +0100] "GET /about HTTP/1.1" 200 2969 "http://internal-wiki.com/" "Mozilla/5.0 (Windows NT 10.0; Win64; x64)"
172.16.0.1 - - [28/Nov/2025:14:35:39 +0100] "GET /images/logo.png HTTP/1.1" 200 2950 "http://internal-wiki.com/" "Mozilla/5.0 (Windows NT 10.0; Win64; x64)"
172.16.0.2 - - [28/Nov/2025:14:35:40 +0100] "GET /images/logo.png HTTP/1.1" 404 4187 "-" "Mozilla/5.0 (compatible; Googlebot/2.1)"
172.16.0.8 - - [28/Nov/2025:14:35:40 +0100] "GET /docs HTTP/1.1" 200 1293 "http://internal-wiki.com/" "Mozilla/5.0 (compatible; Googlebot/2.1)"
10.0.0.8 - - [28/Nov/2025:14:35:40 +0100] "GET /docs HTTP/1.1" 200 735 "http://internal-wiki.com/" "Mozilla/5.0 (compatible; Googlebot/2.1)"
172.16.0.7 - - [28/Nov/2025:14:35:41 +0100] "GET / HTTP/1.1" 200 3885 "http://google.com/" "Mozilla/5.0 (Macintosh; Intel Mac OS X 10_15_7)"
10.0.0.5 - - [28/Nov/2025:14:35:41 +0100] "GET /products HTTP/1.1" 200 4545 "http://google.com/" "Mozilla/5.0 (Windows NT 10.0; Win64; x64)"
172.16.0.5 - - [28/Nov/2025:14:35:42 +0100] "GET /about HTTP/1.1" 200 1519 "http://internal-wiki.com/" "Mozilla/5.0 (compatible; Googlebot/2.1)"
172.16.0.7 - - [28/Nov/2025:14:35:42 +0100] "GET / HTTP/1.1" 200 4402 "http://google.com/" "Mozilla/5.0 (Linux; Android 10; SM-G973F)"
172.16.0.1 - - [28/Nov/2025:14:35:42 +0100] "GET /products HTTP/1.1" 200 279 "-" "Mozilla/5.0 (Macintosh; Intel Mac OS X 10_15_7)"
10.0.0.6 - - [28/Nov/2025:14:35:42 +0100] "GET /about HTTP/1.1" 200 3180 "-" "Mozilla/5.0 (Windows NT 10.0; Win64; x64)"
172.16.0.9 - - [28/Nov/2025:14:35:44 +0100] "GET /images/logo.png HTTP/1.1" 200 4887 "http://another-web-server.com/" "Mozilla/5.0 (compatible; Googlebot/2.1)"
10.0.0.3 - - [28/Nov/2025:14:35:44 +0100] "GET /css/styles.css HTTP/1.1" 500 1676 "-" "Mozilla/5.0 (Linux; Android 10; SM-G973F)"
10.0.0.1 - - [28/Nov/2025:14:35:46 +0100] "GET /products HTTP/1.1" 200 4313 "-" "Mozilla/5.0 (Macintosh; Intel Mac OS X 10_15_7)"
10.0.0.9 - - [28/Nov/2025:14:35:46 +0100] "GET /products HTTP/1.1" 200 2429 "-" "Mozilla/5.0 (compatible; Googlebot/2.1)"
172.16.0.5 - - [28/Nov/2025:14:35:47 +0100] "GET /about HTTP/1.1" 500 1799 "http://another-web-server.com/" "Mozilla/5.0 (Linux; Android 10; SM-G973F)"
172.16.0.3 - - [28/Nov/2025:14:35:48 +0100] "GET /contact HTTP/1.1" 404 626 "http://google.com/" "Mozilla/5.0 (Linux; Android 10; SM-G973F)"
10.0.0.5 - - [28/Nov/2025:14:35:49 +0100] "GET /about HTTP/1.1" 200 1886 "-" "Mozilla/5.0 (Windows NT 10.0; Win64; x64)"
10.0.0.8 - - [28/Nov/2025:14:35:50 +0100] "GET /docs HTTP/1.1" 200 4065 "http://internal-wiki.com/" "Mozilla/5.0 (Linux; Android 10; SM-G973F)"
10.0.0.2 - - [28/Nov/2025:14:35:51 +0100] "GET /images/logo.png HTTP/1.1" 200 3410 "http://internal-wiki.com/" "Mozilla/5.0 (Linux; Android 10; SM-G973F)"
172.16.0.4 - - [28/Nov/2025:14:35:53 +0100] "GET /css/styles.css HTTP/1.1" 200 2361 "http://google.com/" "Mozilla/5.0 (Linux; Android 10; SM-G973F)"
10.0.0.8 - - [28/Nov/2025:14:35:54 +0100] "GET /docs HTTP/1.1" 200 4674 "http://google.com/" "Mozilla/5.0 (compatible; Googlebot/2.1)"
172.16.0.1 - - [28/Nov/2025:14:35:54 +0100] "GET /css/styles.css HTTP/1.1" 200 1837 "http://another-web-server.com/" "Mozilla/5.0 (Windows NT 10.0; Win64; x64)"
172.16.0.5 - - [28/Nov/2025:14:35:54 +0100] "GET /docs HTTP/1.1" 404 4806 "-" "Mozilla/5.0 (compatible; Googlebot/2.1)"
10.0.0.5 - - [28/Nov/2025:14:35:56 +0100] "GET /docs HTTP/1.1" 200 839 "http://google.com/" "Mozilla/5.0 (Windows NT 10.0; Win64; x64)"
172.16.0.8 - - [28/Nov/2025:14:35:57 +0100] "GET /docs HTTP/1.1" 200 3798 "http://internal-wiki.com/" "Mozilla/5.0 (compatible; Googlebot/2.1)"
10.0.0.7 - - [28/Nov/2025:14:35:57 +0100] "GET /images/logo.png HTTP/1.1" 200 4028 "http://internal-wiki.com/" "Mozilla/5.0 (Windows NT 10.0; Win64; x64)"
10.0.0.7 - - [28/Nov/2025:14:35:57 +0100] "GET /contact HTTP/1.1" 200 3709 "http://internal-wiki.com/" "Mozilla/5.0 (Windows NT 10.0; Win64; x64)"
10.0.0.9 - - [28/Nov/2025:14:35:59 +0100] "GET /images/logo.png HTTP/1.1" 200 110 "http://google.com/" "Mozilla/5.0 (Windows NT 10.0; Win64; x64)"
10.0.0.6 - - [28/Nov/2025:14:36:00 +0100] "GET /css/styles.css HTTP/1.1" 500 2603 "http://google.com/" "Mozilla/5.0 (compatible; Googlebot/2.1)"
10.0.0.7 - - [28/Nov/2025:14:36:01 +0100] "GET /css/styles.css HTTP/1.1" 200 3614 "http://google.com/" "Mozilla/5.0 (Macintosh; Intel Mac OS X 10_15_7)"
172.16.0.8 - - [28/Nov/2025:14:36:02 +0100] "GET /css/styles.css HTTP/1.1" 200 2101 "http://google.com/" "Mozilla/5.0 (Windows NT 10.0; Win64; x64)"
10.0.0.2 - - [28/Nov/2025:14:36:02 +0100] "GET /css/styles.css HTTP/1.1" 200 3376 "http://another-web-server.com/" "Mozilla/5.0 (Macintosh; Intel Mac OS X 10_15_7)"
10.0.0.2 - - [28/Nov/2025:14:36:03 +0100] "GET /api/data/v2 HTTP/1.1" 200 2582 "-" "Mozilla/5.0 (Windows NT 10.0; Win64; x64)"
172.16.0.1 - - [28/Nov/2025:14:36:04 +0100] "GET /images/logo.png HTTP/1.1" 200 861 "http://google.com/" "Mozilla/5.0 (Linux; Android 10; SM-G973F)"
10.0.0.5 - - [28/Nov/2025:14:36:05 +0100] "GET / HTTP/1.1" 200 2395 "http://another-web-server.com/" "Mozilla/5.0 (compatible; Googlebot/2.1)"
172.16.0.9 - - [28/Nov/2025:14:36:05 +0100] "GET / HTTP/1.1" 200 2679 "-" "Mozilla/5.0 (Linux; Android 10; SM-G973F)"
172.16.0.1 - - [28/Nov/2025:14:36:07 +0100] "GET /api/data/v2 HTTP/1.1" 200 4333 "http://google.com/" "Mozilla/5.0 (Windows NT 10.0; Win64; x64)"
10.0.0.2 - - [28/Nov/2025:14:36:07 +0100] "GET /products HTTP/1.1" 500 2288 "http://google.com/" "Mozilla/5.0 (compatible; Googlebot/2.1)"
172.16.0.5 - - [28/Nov/2025:14:36:09 +0100] "GET / HTTP/1.1" 200 1411 "http://internal-wiki.com/" "Mozilla/5.0 (compatible; Googlebot/2.1)"
172.16.0.3 - - [28/Nov/2025:14:36:09 +0100] "GET / HTTP/1.1" 200 4115 "http://internal-wiki.com/" "Mozilla/5.0 (Linux; Android 10; SM-G973F)"
10.0.0.6 - - [28/Nov/2025:14:36:10 +0100] "GET /about HTTP/1.1" 200 3070 "http://internal-wiki.com/" "Mozilla/5.0 (Linux; Android 10; SM-G973F)"
10.0.0.4 - - [28/Nov/2025:14:36:12 +0100] "GET / HTTP/1.1" 500 1174 "http://internal-wiki.com/" "Mozilla/5.0 (Macintosh; Intel Mac OS X 10_15_7)"
10.0.0.7 - - [28/Nov/2025:14:36:12 +0100] "GET /images/logo.png HTTP/1.1" 404 185 "http://internal-wiki.com/" "Mozilla/5.0 (Macintosh; Intel Mac OS X 10_15_7)"
172.16.0.4 - - [28/Nov/2025:14:36:13 +0100] "GET /css/styles.css HTTP/1.1" 500 4892 "http://google.com/" "Mozilla/5.0 (Macintosh; Intel Mac OS X 10_15_7)"
10.0.0.7 - - [28/Nov/2025:14:36:13 +0100] "GET /products HTTP/1.1" 200 299 "http://another-web-server.com/" "Mozilla/5.0 (Linux; Android 10; SM-G973F)"
172.16.0.4 - - [28/Nov/2025:14:36:15 +0100] "GET /css/styles.css HTTP/1.1" 404 4433 "http://google.com/" "Mozilla/5.0 (Macintosh; Intel Mac OS X 10_15_7)"
172.16.0.2 - - [28/Nov/2025:14:36:16 +0100] "GET /css/styles.css HTTP/1.1" 200 3247 "-" "Mozilla/5.0 (Windows NT 10.0; Win64; x64)"
10.0.0.7 - - [28/Nov/2025:14:36:17 +0100] "GET /contact HTTP/1.1" 200 1217 "http://google.com/" "Mozilla/5.0 (Macintosh; Intel Mac OS X 10_15_7)"
10.0.0.2 - - [28/Nov/2025:14:36:18 +0100] "GET / HTTP/1.1" 200 3873 "http://internal-wiki.com/" "Mozilla/5.0 (compatible; Googlebot/2.1)"
172.16.0.7 - - [28/Nov/2025:14:36:20 +0100] "GET / HTTP/1.1" 200 2848 "http://internal-wiki.com/" "Mozilla/5.0 (Macintosh; Intel Mac OS X 10_15_7)"
172.16.0.7 - - [28/Nov/2025:14:36:21 +0100] "GET /images/logo.png HTTP/1.1" 200 4687 "http://internal-wiki.com/" "Mozilla/5.0 (Windows NT 10.0; Win64; x64)"
10.0.0.5 - - [28/Nov/2025:14:36:22 +0100] "GET /images/logo.png HTTP/1.1" 404 327 "http://internal-wiki.com/" "Mozilla/5.0 (Macintosh; Intel Mac OS X 10_15_7)"
10.0.0.5 - - [28/Nov/2025:14:36:22 +0100] "GET /contact HTTP/1.1" 404 3923 "http://google.com/" "Mozilla/5.0 (compatible; Googlebot/2.1)"
10.0.0.2 - - [28/Nov/2025:14:36:23 +0100] "GET /api/data/v2 HTTP/1.1" 404 4457 "-" "Mozilla/5.0 (Windows NT 10.0; Win64; x64)"
10.0.0.3 - - [28/Nov/2025:14:36:24 +0100] "GET /css/styles.css HTTP/1.1" 200 3530 "http://google.com/" "Mozilla/5.0 (Windows NT 10.0; Win64; x64)"
10.0.0.6 - - [28/Nov/2025:14:36:25 +0100] "GET /css/styles.css HTTP/1.1" 200 2049 "-" "Mozilla/5.0 (compatible; Googlebot/2.1)"
10.0.0.1 - - [28/Nov/2025:14:36:26 +0100] "GET /images/logo.png HTTP/1.1" 200 2780 "-" "Mozilla/5.0 (Macintosh; Intel Mac OS X 10_15_7)"
172.16.0.9 - - [28/Nov/2025:14:36:27 +0100] "GET /images/logo.png HTTP/1.1" 404 2661 "http://google.com/" "Mozilla/5.0 (Windows NT 10.0; Win64; x64)"
10.0.0.6 - - [28/Nov/2025:14:36:28 +0100] "GET /api/data/v2 HTTP/1.1" 200 760 "-" "Mozilla/5.0 (Linux; Android 10; SM-G973F)"
10.0.0.5 - - [28/Nov/2025:14:36:29 +0100] "GET /css/styles.css HTTP/1.1" 200 1585 "-" "Mozilla/5.0 (Macintosh; Intel Mac OS X 10_15_7)"
10.0.0.7 - - [28/Nov/2025:14:36:30 +0100] "GET /docs HTTP/1.1" 200 1060 "http://internal-wiki.com/" "Mozilla/5.0 (Macintosh; Intel Mac OS X 10_15_7)"
172.16.0.2 - - [28/Nov/2025:14:36:31 +0100] "GET /css/styles.css HTTP/1.1" 404 1764 "-" "Mozilla/5.0 (Linux; Android 10; SM-G973F)"
172.16.0.7 - - [28/Nov/2025:14:36:32 +0100] "GET /about HTTP/1.1" 200 3301 "-" "Mozilla/5.0 (Windows NT 10.0; Win64; x64)"
10.0.0.1 - - [28/Nov/2025:14:36:33 +0100] "GET /docs HTTP/1.1" 200 4559 "http://google.com/" "Mozilla/5.0 (Windows NT 10.0; Win64; x64)"
172.16.0.3 - - [28/Nov/2025:14:36:33 +0100] "GET /products HTTP/1.1" 200 2771 "http://google.com/" "Mozilla/5.0 (compatible; Googlebot/2.1)"
172.16.0.8 - - [28/Nov/2025:14:36:34 +0100] "GET /docs HTTP/1.1" 200 2790 "http://another-web-server.com/" "Mozilla/5.0 (Macintosh; Intel Mac OS X 10_15_7)"
10.0.0.1 - - [28/Nov/2025:14:36:35 +0100] "GET /contact HTTP/1.1" 200 4053 "http://internal-wiki.com/" "Mozilla/5.0 (Linux; Android 10; SM-G973F)"
10.0.0.9 - - [28/Nov/2025:14:36:36 +0100] "GET /images/logo.png HTTP/1.1" 200 695 "http://internal-wiki.com/" "Mozilla/5.0 (Linux; Android 10; SM-G973F)"
10.0.0.7 - - [28/Nov/2025:14:36:36 +0100] "GET /contact HTTP/1.1" 200 3839 "http://internal-wiki.com/" "Mozilla/5.0 (Windows NT 10.0; Win64; x64)"
10.0.0.3 - - [28/Nov/2025:14:36:37 +0100] "GET /about HTTP/1.1" 200 3755 "http://google.com/" "Mozilla/5.0 (Macintosh; Intel Mac OS X 10_15_7)"
10.0.0.3 - - [28/Nov/2025:14:36:38 +0100] "GET / HTTP/1.1" 200 778 "http://google.com/" "Mozilla/5.0 (Linux; Android 10; SM-G973F)"
172.16.0.9 - - [28/Nov/2025:14:36:39 +0100] "GET /css/styles.css HTTP/1.1" 200 1491 "http://google.com/" "Mozilla/5.0 (Windows NT 10.0; Win64; x64)"
172.16.0.2 - - [28/Nov/2025:14:36:41 +0100] "GET / HTTP/1.1" 200 871 "http://google.com/" "Mozilla/5.0 (Linux; Android 10; SM-G973F)"
10.0.0.1 - - [28/Nov/2025:14:36:41 +0100] "GET /contact HTTP/1.1" 200 4502 "http://google.com/" "Mozilla/5.0 (Macintosh; Intel Mac OS X 10_15_7)"
172.16.0.4 - - [28/Nov/2025:14:36:42 +0100] "GET /api/data/v2 HTTP/1.1" 200 3580 "-" "Mozilla/5.0 (Macintosh; Intel Mac OS X 10_15_7)"
172.16.0.9 - - [28/Nov/2025:14:36:42 +0100] "GET / HTTP/1.1" 200 1566 "http://google.com/" "Mozilla/5.0 (Windows NT 10.0; Win64; x64)"
10.0.0.4 - - [28/Nov/2025:14:36:43 +0100] "GET /products HTTP/1.1" 200 3109 "http://internal-wiki.com/" "Mozilla/5.0 (Macintosh; Intel Mac OS X 10_15_7)"
10.0.0.6 - - [28/Nov/2025:14:36:44 +0100] "GET /products HTTP/1.1" 200 726 "-" "Mozilla/5.0 (Windows NT 10.0; Win64; x64)"
172.16.0.3 - - [28/Nov/2025:14:36:45 +0100] "GET /api/data/v2 HTTP/1.1" 200 3742 "-" "Mozilla/5.0 (Windows NT 10.0; Win64; x64)"
172.16.0.8 - - [28/Nov/2025:14:36:46 +0100] "GET /api/data/v2 HTTP/1.1" 200 517 "http://internal-wiki.com/" "Mozilla/5.0 (Macintosh; Intel Mac OS X 10_15_7)"
172.16.0.7 - - [28/Nov/2025:14:36:47 +0100] "GET /docs HTTP/1.1" 200 438 "-" "Mozilla/5.0 (Windows NT 10.0; Win64; x64)"
10.0.0.8 - - [28/Nov/2025:14:36:48 +0100] "GET /contact HTTP/1.1" 404 1614 "http://another-web-server.com/" "Mozilla/5.0 (Windows NT 10.0; Win64; x64)"
172.16.0.6 - - [28/Nov/2025:14:36:48 +0100] "GET /docs HTTP/1.1" 404 1558 "-" "Mozilla/5.0 (Windows NT 10.0; Win64; x64)"
10.0.0.5 - - [28/Nov/2025:14:36:48 +0100] "GET /contact HTTP/1.1" 200 2253 "-" "Mozilla/5.0 (compatible; Googlebot/2.1)"
172.16.0.3 - - [28/Nov/2025:14:36:49 +0100] "GET /css/styles.css HTTP/1.1" 200 672 "http://internal-wiki.com/" "Mozilla/5.0 (compatible; Googlebot/2.1)"
172.16.0.4 - - [28/Nov/2025:14:36:51 +0100] "GET /about HTTP/1.1" 200 3238 "http://internal-wiki.com/" "Mozilla/5.0 (Windows NT 10.0; Win64; x64)"
172.16.0.1 - - [28/Nov/2025:14:36:51 +0100] "GET /images/logo.png HTTP/1.1" 200 4540 "http://google.com/" "Mozilla/5.0 (Linux; Android 10; SM-G973F)"
172.16.0.4 - - [28/Nov/2025:14:36:53 +0100] "GET /images/logo.png HTTP/1.1" 200 2457 "http://google.com/" "Mozilla/5.0 (Linux; Android 10; SM-G973F)"
172.16.0.2 - - [28/Nov/2025:14:36:54 +0100] "GET /api/data/v2 HTTP/1.1" 404 1097 "http://internal-wiki.com/" "Mozilla/5.0 (compatible; Googlebot/2.1)"
172.16.0.2 - - [28/Nov/2025:14:36:54 +0100] "GET /images/logo.png HTTP/1.1" 200 2914 "http://google.com/" "Mozilla/5.0 (Macintosh; Intel Mac OS X 10_15_7)"
10.0.0.9 - - [28/Nov/2025:14:36:55 +0100] "GET /css/styles.css HTTP/1.1" 200 4354 "http://google.com/" "Mozilla/5.0 (Linux; Android 10; SM-G973F)"
10.0.0.7 - - [28/Nov/2025:14:36:56 +0100] "GET / HTTP/1.1" 500 2713 "http://google.com/" "Mozilla/5.0 (compatible; Googlebot/2.1)"
10.0.0.6 - - [28/Nov/2025:14:36:57 +0100] "GET /api/data/v2 HTTP/1.1" 200 186 "-" "Mozilla/5.0 (Windows NT 10.0; Win64; x64)"
172.16.0.9 - - [28/Nov/2025:14:36:58 +0100] "GET /products HTTP/1.1" 200 3465 "http://google.com/" "Mozilla/5.0 (Macintosh; Intel Mac OS X 10_15_7)"
172.16.0.6 - - [28/Nov/2025:14:36:59 +0100] "GET /css/styles.css HTTP/1.1" 200 1272 "http://internal-wiki.com/" "Mozilla/5.0 (Linux; Android 10; SM-G973F)"
10.0.0.1 - - [28/Nov/2025:14:37:00 +0100] "GET /about HTTP/1.1" 200 1969 "http://internal-wiki.com/" "Mozilla/5.0 (Macintosh; Intel Mac OS X 10_15_7)"
10.0.0.2 - - [28/Nov/2025:14:37:01 +0100] "GET /images/logo.png HTTP/1.1" 200 2940 "http://google.com/" "Mozilla/5.0 (Macintosh; Intel Mac OS X 10_15_7)"
10.0.0.1 - - [28/Nov/2025:14:37:01 +0100] "GET / HTTP/1.1" 200 1654 "-" "Mozilla/5.0 (Linux; Android 10; SM-G973F)"
172.16.0.1 - - [28/Nov/2025:14:37:01 +0100] "GET /css/styles.css HTTP/1.1" 200 2823 "http://internal-wiki.com/" "Mozilla/5.0 (Windows NT 10.0; Win64; x64)"
10.0.0.9 - - [28/Nov/2025:14:37:03 +0100] "GET /images/logo.png HTTP/1.1" 404 3644 "http://google.com/" "Mozilla/5.0 (compatible; Googlebot/2.1)"
10.0.0.5 - - [28/Nov/2025:14:37:03 +0100] "GET /docs HTTP/1.1" 404 785 "http://internal-wiki.com/" "Mozilla/5.0 (Windows NT 10.0; Win64; x64)"
10.0.0.8 - - [28/Nov/2025:14:37:04 +0100] "GET /about HTTP/1.1" 500 3171 "-" "Mozilla/5.0 (Linux; Android 10; SM-G973F)"
10.0.0.3 - - [28/Nov/2025:14:37:05 +0100] "GET /css/styles.css HTTP/1.1" 200 2186 "-" "Mozilla/5.0 (Macintosh; Intel Mac OS X 10_15_7)"
172.16.0.2 - - [28/Nov/2025:14:37:06 +0100] "GET /contact HTTP/1.1" 200 1554 "-" "Mozilla/5.0 (compatible; Googlebot/2.1)"
10.0.0.4 - - [28/Nov/2025:14:37:07 +0100] "GET /products HTTP/1.1" 500 3395 "http://google.com/" "Mozilla/5.0 (compatible; Googlebot/2.1)"
10.0.0.1 - - [28/Nov/2025:14:37:08 +0100] "GET /images/logo.png HTTP/1.1" 404 771 "http://google.com/" "Mozilla/5.0 (Macintosh; Intel Mac OS X 10_15_7)"
10.0.0.1 - - [28/Nov/2025:14:37:08 +0100] "GET /api/data/v2 HTTP/1.1" 200 1258 "http://internal-wiki.com/" "Mozilla/5.0 (Linux; Android 10; SM-G973F)"
10.0.0.4 - - [28/Nov/2025:14:37:08 +0100] "GET / HTTP/1.1" 200 251 "http://internal-wiki.com/" "Mozilla/5.0 (Macintosh; Intel Mac OS X 10_15_7)"
172.16.0.5 - - [28/Nov/2025:14:37:09 +0100] "GET /about HTTP/1.1" 404 2157 "http://google.com/" "Mozilla/5.0 (Windows NT 10.0; Win64; x64)"
172.16.0.5 - - [28/Nov/2025:14:37:10 +0100] "GET /contact HTTP/1.1" 500 2055 "http://google.com/" "Mozilla/5.0 (Linux; Android 10; SM-G973F)"
10.0.0.2 - - [28/Nov/2025:14:37:12 +0100] "GET /about HTTP/1.1" 200 2601 "http://google.com/" "Mozilla/5.0 (compatible; Googlebot/2.1)"
172.16.0.7 - - [28/Nov/2025:14:37:12 +0100] "GET /about HTTP/1.1" 200 2547 "-" "Mozilla/5.0 (compatible; Googlebot/2.1)"
10.0.0.4 - - [28/Nov/2025:14:37:13 +0100] "GET /images/logo.png HTTP/1.1" 200 1059 "-" "Mozilla/5.0 (compatible; Googlebot/2.1)"
10.0.0.8 - - [28/Nov/2025:14:37:14 +0100] "GET /images/logo.png HTTP/1.1" 200 3627 "http://another-web-server.com/" "Mozilla/5.0 (Macintosh; Intel Mac OS X 10_15_7)"
172.16.0.3 - - [28/Nov/2025:14:37:15 +0100] "GET /contact HTTP/1.1" 200 3134 "http://google.com/" "Mozilla/5.0 (Linux; Android 10; SM-G973F)"
172.16.0.8 - - [28/Nov/2025:14:37:15 +0100] "GET /about HTTP/1.1" 200 579 "http://internal-wiki.com/" "Mozilla/5.0 (Linux; Android 10; SM-G973F)"
172.16.0.9 - - [28/Nov/2025:14:37:16 +0100] "GET / HTTP/1.1" 404 3478 "http://google.com/" "Mozilla/5.0 (Macintosh; Intel Mac OS X 10_15_7)"
172.16.0.5 - - [28/Nov/2025:14:37:17 +0100] "GET / HTTP/1.1" 200 4606 "http://internal-wiki.com/" "Mozilla/5.0 (Macintosh; Intel Mac OS X 10_15_7)"
172.16.0.7 - - [28/Nov/2025:14:37:18 +0100] "GET /about HTTP/1.1" 200 2823 "-" "Mozilla/5.0 (compatible; Googlebot/2.1)"
172.16.0.8 - - [28/Nov/2025:14:37:19 +0100] "GET /products HTTP/1.1" 200 542 "http://internal-wiki.com/" "Mozilla/5.0 (Windows NT 10.0; Win64; x64)"
10.0.0.4 - - [28/Nov/2025:14:37:19 +0100] "GET /about HTTP/1.1" 200 1682 "http://internal-wiki.com/" "Mozilla/5.0 (Linux; Android 10; SM-G973F)"
10.0.0.7 - - [28/Nov/2025:14:37:21 +0100] "GET /docs HTTP/1.1" 200 2716 "http://internal-wiki.com/" "Mozilla/5.0 (Windows NT 10.0; Win64; x64)"
10.0.0.9 - - [28/Nov/2025:14:37:22 +0100] "GET /products HTTP/1.1" 200 3347 "http://another-web-server.com/" "Mozilla/5.0 (compatible; Googlebot/2.1)"
10.0.0.3 - - [28/Nov/2025:14:37:23 +0100] "GET /images/logo.png HTTP/1.1" 200 2534 "http://another-web-server.com/" "Mozilla/5.0 (Windows NT 10.0; Win64; x64)"
10.0.0.3 - - [28/Nov/2025:14:37:24 +0100] "GET /docs HTTP/1.1" 500 952 "http://google.com/" "Mozilla/5.0 (Windows NT 10.0; Win64; x64)"
172.16.0.7 - - [28/Nov/2025:14:37:24 +0100] "GET /css/styles.css HTTP/1.1" 200 2231 "http://internal-wiki.com/" "Mozilla/5.0 (Linux; Android 10; SM-G973F)"
10.0.0.8 - - [28/Nov/2025:14:37:25 +0100] "GET /about HTTP/1.1" 500 4413 "http://google.com/" "Mozilla/5.0 (compatible; Googlebot/2.1)"
10.0.0.9 - - [28/Nov/2025:14:37:27 +0100] "GET / HTTP/1.1" 500 1024 "http://google.com/" "Mozilla/5.0 (compatible; Googlebot/2.1)"
172.16.0.7 - - [28/Nov/2025:14:37:27 +0100] "GET /contact HTTP/1.1" 200 586 "http://another-web-server.com/" "Mozilla/5.0 (compatible; Googlebot/2.1)"
10.0.0.9 - - [28/Nov/2025:14:37:27 +0100] "GET /docs HTTP/1.1" 200 1630 "http://internal-wiki.com/" "Mozilla/5.0 (compatible; Googlebot/2.1)"
10.0.0.7 - - [28/Nov/2025:14:37:28 +0100] "GET /about HTTP/1.1" 200 2651 "-" "Mozilla/5.0 (Macintosh; Intel Mac OS X 10_15_7)"
10.0.0.2 - - [28/Nov/2025:14:37:28 +0100] "GET /about HTTP/1.1" 500 773 "-" "Mozilla/5.0 (Windows NT 10.0; Win64; x64)"
172.16.0.6 - - [28/Nov/2025:14:37:30 +0100] "GET /css/styles.css HTTP/1.1" 200 3564 "http://another-web-server.com/" "Mozilla/5.0 (Linux; Android 10; SM-G973F)"
172.16.0.8 - - [28/Nov/2025:14:37:30 +0100] "GET /about HTTP/1.1" 200 992 "-" "Mozilla/5.0 (Linux; Android 10; SM-G973F)"
172.16.0.4 - - [28/Nov/2025:14:37:31 +0100] "GET /docs HTTP/1.1" 404 4708 "-" "Mozilla/5.0 (Linux; Android 10; SM-G973F)"
172.16.0.8 - - [28/Nov/2025:14:37:33 +0100] "GET /api/data/v2 HTTP/1.1" 200 2783 "-" "Mozilla/5.0 (compatible; Googlebot/2.1)"
10.0.0.6 - - [28/Nov/2025:14:37:33 +0100] "GET /docs HTTP/1.1" 200 4319 "-" "Mozilla/5.0 (Windows NT 10.0; Win64; x64)"
172.16.0.8 - - [28/Nov/2025:14:37:34 +0100] "GET /css/styles.css HTTP/1.1" 200 3096 "http://internal-wiki.com/" "Mozilla/5.0 (Linux; Android 10; SM-G973F)"
10.0.0.4 - - [28/Nov/2025:14:37:35 +0100] "GET /css/styles.css HTTP/1.1" 200 2616 "http://internal-wiki.com/" "Mozilla/5.0 (Windows NT 10.0; Win64; x64)"
10.0.0.5 - - [28/Nov/2025:14:37:36 +0100] "GET /products HTTP/1.1" 200 4284 "http://another-web-server.com/" "Mozilla/5.0 (Macintosh; Intel Mac OS X 10_15_7)"
10.0.0.5 - - [28/Nov/2025:14:37:37 +0100] "GET /api/data/v2 HTTP/1.1" 200 2362 "http://internal-wiki.com/" "Mozilla/5.0 (Windows NT 10.0; Win64; x64)"
172.16.0.7 - - [28/Nov/2025:14:37:38 +0100] "GET /docs HTTP/1.1" 404 496 "http://another-web-server.com/" "Mozilla/5.0 (Windows NT 10.0; Win64; x64)"
172.16.0.2 - - [28/Nov/2025:14:37:39 +0100] "GET /docs HTTP/1.1" 404 3259 "http://internal-wiki.com/" "Mozilla/5.0 (Windows NT 10.0; Win64; x64)"
10.0.0.5 - - [28/Nov/2025:14:37:40 +0100] "GET / HTTP/1.1" 200 2850 "http://another-web-server.com/" "Mozilla/5.0 (compatible; Googlebot/2.1)"
172.16.0.7 - - [28/Nov/2025:14:37:40 +0100] "GET /images/logo.png HTTP/1.1" 200 2916 "http://internal-wiki.com/" "Mozilla/5.0 (Macintosh; Intel Mac OS X 10_15_7)"
172.16.0.4 - - [28/Nov/2025:14:37:42 +0100] "GET /images/logo.png HTTP/1.1" 500 689 "http://another-web-server.com/" "Mozilla/5.0 (Macintosh; Intel Mac OS X 10_15_7)"
172.16.0.5 - - [28/Nov/2025:14:37:42 +0100] "GET /css/styles.css HTTP/1.1" 200 3667 "http://internal-wiki.com/" "Mozilla/5.0 (Linux; Android 10; SM-G973F)"
172.16.0.8 - - [28/Nov/2025:14:37:43 +0100] "GET /contact HTTP/1.1" 200 4030 "-" "Mozilla/5.0 (Windows NT 10.0; Win64; x64)"
10.0.0.9 - - [28/Nov/2025:14:37:44 +0100] "GET /css/styles.css HTTP/1.1" 200 788 "http://internal-wiki.com/" "Mozilla/5.0 (Macintosh; Intel Mac OS X 10_15_7)"
10.0.0.9 - - [28/Nov/2025:14:37:45 +0100] "GET /images/logo.png HTTP/1.1" 200 4679 "http://google.com/" "Mozilla/5.0 (Macintosh; Intel Mac OS X 10_15_7)"
10.0.0.1 - - [28/Nov/2025:14:37:46 +0100] "GET /css/styles.css HTTP/1.1" 200 792 "http://google.com/" "Mozilla/5.0 (Linux; Android 10; SM-G973F)"
10.0.0.4 - - [28/Nov/2025:14:37:46 +0100] "GET /images/logo.png HTTP/1.1" 200 735 "http://google.com/" "Mozilla/5.0 (Linux; Android 10; SM-G973F)"
10.0.0.3 - - [28/Nov/2025:14:37:48 +0100] "GET /css/styles.css HTTP/1.1" 500 4170 "http://internal-wiki.com/" "Mozilla/5.0 (Macintosh; Intel Mac OS X 10_15_7)"
10.0.0.5 - - [28/Nov/2025:14:37:48 +0100] "GET /contact HTTP/1.1" 200 3378 "-" "Mozilla/5.0 (Windows NT 10.0; Win64; x64)"
172.16.0.5 - - [28/Nov/2025:14:37:50 +0100] "GET /products HTTP/1.1" 200 2542 "http://internal-wiki.com/" "Mozilla/5.0 (Linux; Android 10; SM-G973F)"
10.0.0.1 - - [28/Nov/2025:14:37:50 +0100] "GET /css/styles.css HTTP/1.1" 200 2252 "http://google.com/" "Mozilla/5.0 (Macintosh; Intel Mac OS X 10_15_7)"
172.16.0.1 - - [28/Nov/2025:14:37:51 +0100] "GET /about HTTP/1.1" 404 3934 "http://google.com/" "Mozilla/5.0 (compatible; Googlebot/2.1)"
10.0.0.7 - - [28/Nov/2025:14:37:52 +0100] "GET / HTTP/1.1" 200 714 "http://internal-wiki.com/" "Mozilla/5.0 (Windows NT 10.0; Win64; x64)"
10.0.0.3 - - [28/Nov/2025:14:37:53 +0100] "GET / HTTP/1.1" 200 3997 "http://google.com/" "Mozilla/5.0 (compatible; Googlebot/2.1)"
10.0.0.6 - - [28/Nov/2025:14:37:53 +0100] "GET / HTTP/1.1" 200 4443 "http://internal-wiki.com/" "Mozilla/5.0 (compatible; Googlebot/2.1)"
10.0.0.5 - - [28/Nov/2025:14:37:55 +0100] "GET /css/styles.css HTTP/1.1" 200 3520 "http://internal-wiki.com/" "Mozilla/5.0 (Macintosh; Intel Mac OS X 10_15_7)"
172.16.0.7 - - [28/Nov/2025:14:37:56 +0100] "GET /images/logo.png HTTP/1.1" 500 2540 "http://google.com/" "Mozilla/5.0 (Windows NT 10.0; Win64; x64)"
10.0.0.8 - - [28/Nov/2025:14:37:56 +0100] "GET / HTTP/1.1" 404 2937 "http://another-web-server.com/" "Mozilla/5.0 (Linux; Android 10; SM-G973F)"
10.0.0.9 - - [28/Nov/2025:14:37:58 +0100] "GET /images/logo.png HTTP/1.1" 200 801 "http://internal-wiki.com/" "Mozilla/5.0 (compatible; Googlebot/2.1)"
10.0.0.4 - - [28/Nov/2025:14:37:59 +0100] "GET /docs HTTP/1.1" 200 1429 "http://internal-wiki.com/" "Mozilla/5.0 (Windows NT 10.0; Win64; x64)"
172.16.0.9 - - [28/Nov/2025:14:38:00 +0100] "GET / HTTP/1.1" 500 698 "http://google.com/" "Mozilla/5.0 (Linux; Android 10; SM-G973F)"
10.0.0.1 - - [28/Nov/2025:14:38:00 +0100] "GET /about HTTP/1.1" 200 538 "http://internal-wiki.com/" "Mozilla/5.0 (compatible; Googlebot/2.1)"
172.16.0.7 - - [28/Nov/2025:14:38:01 +0100] "GET /css/styles.css HTTP/1.1" 200 4577 "http://google.com/" "Mozilla/5.0 (Windows NT 10.0; Win64; x64)"
172.16.0.8 - - [28/Nov/2025:14:38:02 +0100] "GET /products HTTP/1.1" 404 629 "-" "Mozilla/5.0 (compatible; Googlebot/2.1)"
10.0.0.5 - - [28/Nov/2025:14:38:03 +0100] "GET /docs HTTP/1.1" 500 2190 "http://google.com/" "Mozilla/5.0 (compatible; Googlebot/2.1)"
172.16.0.5 - - [28/Nov/2025:14:38:04 +0100] "GET /css/styles.css HTTP/1.1" 404 695 "-" "Mozilla/5.0 (compatible; Googlebot/2.1)"
10.0.0.7 - - [28/Nov/2025:14:38:05 +0100] "GET /images/logo.png HTTP/1.1" 404 1948 "http://google.com/" "Mozilla/5.0 (Windows NT 10.0; Win64; x64)"
172.16.0.3 - - [28/Nov/2025:14:38:06 +0100] "GET /about HTTP/1.1" 200 4102 "http://google.com/" "Mozilla/5.0 (Windows NT 10.0; Win64; x64)"
10.0.0.4 - - [28/Nov/2025:14:38:07 +0100] "GET /about HTTP/1.1" 200 1896 "http://internal-wiki.com/" "Mozilla/5.0 (Macintosh; Intel Mac OS X 10_15_7)"
172.16.0.1 - - [28/Nov/2025:14:38:08 +0100] "GET /images/logo.png HTTP/1.1" 200 3780 "-" "Mozilla/5.0 (Macintosh; Intel Mac OS X 10_15_7)"
10.0.0.4 - - [28/Nov/2025:14:38:08 +0100] "GET /docs HTTP/1.1" 404 946 "-" "Mozilla/5.0 (Macintosh; Intel Mac OS X 10_15_7)"
172.16.0.4 - - [28/Nov/2025:14:38:09 +0100] "GET /css/styles.css HTTP/1.1" 500 3449 "-" "Mozilla/5.0 (Macintosh; Intel Mac OS X 10_15_7)"
10.0.0.7 - - [28/Nov/2025:14:38:10 +0100] "GET /about HTTP/1.1" 200 2529 "http://internal-wiki.com/" "Mozilla/5.0 (Linux; Android 10; SM-G973F)"
172.16.0.9 - - [28/Nov/2025:14:38:11 +0100] "GET /contact HTTP/1.1" 500 2225 "http://internal-wiki.com/" "Mozilla/5.0 (Windows NT 10.0; Win64; x64)"
172.16.0.4 - - [28/Nov/2025:14:38:12 +0100] "GET /images/logo.png HTTP/1.1" 200 4716 "-" "Mozilla/5.0 (compatible; Googlebot/2.1)"
172.16.0.3 - - [28/Nov/2025:14:38:13 +0100] "GET /api/data/v2 HTTP/1.1" 200 1113 "http://google.com/" "Mozilla/5.0 (compatible; Googlebot/2.1)"
10.0.0.5 - - [28/Nov/2025:14:38:14 +0100] "GET /docs HTTP/1.1" 200 1068 "-" "Mozilla/5.0 (Windows NT 10.0; Win64; x64)"
172.16.0.2 - - [28/Nov/2025:14:38:15 +0100] "GET /products HTTP/1.1" 200 121 "-" "Mozilla/5.0 (Windows NT 10.0; Win64; x64)"
10.0.0.9 - - [28/Nov/2025:14:38:16 +0100] "GET /css/styles.css HTTP/1.1" 200 1832 "http://internal-wiki.com/" "Mozilla/5.0 (Windows NT 10.0; Win64; x64)"
10.0.0.6 - - [28/Nov/2025:14:38:17 +0100] "GET /api/data/v2 HTTP/1.1" 200 4250 "http://another-web-server.com/" "Mozilla/5.0 (compatible; Googlebot/2.1)"
10.0.0.2 - - [28/Nov/2025:14:38:18 +0100] "GET /images/logo.png HTTP/1.1" 500 1893 "-" "Mozilla/5.0 (Windows NT 10.0; Win64; x64)"
172.16.0.1 - - [28/Nov/2025:14:38:18 +0100] "GET /about HTTP/1.1" 404 2040 "http://google.com/" "Mozilla/5.0 (Windows NT 10.0; Win64; x64)"
10.0.0.8 - - [28/Nov/2025:14:38:19 +0100] "GET /contact HTTP/1.1" 200 2290 "http://google.com/" "Mozilla/5.0 (compatible; Googlebot/2.1)"
172.16.0.2 - - [28/Nov/2025:14:38:20 +0100] "GET /api/data/v2 HTTP/1.1" 404 2726 "http://internal-wiki.com/" "Mozilla/5.0 (compatible; Googlebot/2.1)"
172.16.0.6 - - [28/Nov/2025:14:38:21 +0100] "GET /css/styles.css HTTP/1.1" 200 3919 "http://internal-wiki.com/" "Mozilla/5.0 (Macintosh; Intel Mac OS X 10_15_7)"
172.16.0.8 - - [28/Nov/2025:14:38:22 +0100] "GET /css/styles.css HTTP/1.1" 200 2694 "-" "Mozilla/5.0 (Linux; Android 10; SM-G973F)"
10.0.0.8 - - [28/Nov/2025:14:38:22 +0100] "GET / HTTP/1.1" 200 2284 "http://google.com/" "Mozilla/5.0 (Linux; Android 10; SM-G973F)"
172.16.0.7 - - [28/Nov/2025:14:38:24 +0100] "GET /api/data/v2 HTTP/1.1" 200 2309 "http://google.com/" "Mozilla/5.0 (Macintosh; Intel Mac OS X 10_15_7)"
172.16.0.9 - - [28/Nov/2025:14:38:25 +0100] "GET /contact HTTP/1.1" 404 3801 "-" "Mozilla/5.0 (Macintosh; Intel Mac OS X 10_15_7)"
10.0.0.1 - - [28/Nov/2025:14:38:25 +0100] "GET /docs HTTP/1.1" 500 529 "http://google.com/" "Mozilla/5.0 (Windows NT 10.0; Win64; x64)"
172.16.0.2 - - [28/Nov/2025:14:38:26 +0100] "GET /images/logo.png HTTP/1.1" 200 2564 "-" "Mozilla/5.0 (compatible; Googlebot/2.1)"
172.16.0.8 - - [28/Nov/2025:14:38:26 +0100] "GET /docs HTTP/1.1" 200 2956 "-" "Mozilla/5.0 (compatible; Googlebot/2.1)"
172.16.0.8 - - [28/Nov/2025:14:38:27 +0100] "GET /css/styles.css HTTP/1.1" 200 1928 "http://google.com/" "Mozilla/5.0 (compatible; Googlebot/2.1)"
10.0.0.6 - - [28/Nov/2025:14:38:28 +0100] "GET /about HTTP/1.1" 200 3567 "http://internal-wiki.com/" "Mozilla/5.0 (compatible; Googlebot/2.1)"
172.16.0.6 - - [28/Nov/2025:14:38:29 +0100] "GET /api/data/v2 HTTP/1.1" 200 4179 "http://internal-wiki.com/" "Mozilla/5.0 (Linux; Android 10; SM-G973F)"
10.0.0.4 - - [28/Nov/2025:14:38:31 +0100] "GET /products HTTP/1.1" 200 841 "http://internal-wiki.com/" "Mozilla/5.0 (Macintosh; Intel Mac OS X 10_15_7)"
172.16.0.2 - - [28/Nov/2025:14:38:31 +0100] "GET /api/data/v2 HTTP/1.1" 200 640 "http://another-web-server.com/" "Mozilla/5.0 (Macintosh; Intel Mac OS X 10_15_7)"
10.0.0.5 - - [28/Nov/2025:14:38:32 +0100] "GET /api/data/v2 HTTP/1.1" 200 2937 "http://google.com/" "Mozilla/5.0 (compatible; Googlebot/2.1)"
