172.16.0.9 - - [28/Nov/2025:14:43:22 +0100] "GET /docs HTTP/1.1" 200 417 "-" "Mozilla/5.0 (Linux; Android 10; SM-G973F)"
10.0.0.3 - - [28/Nov/2025:14:43:23 +0100] "GET /contact HTTP/1.1" 200 3285 "-" "Mozilla/5.0 (Macintosh; Intel Mac OS X 10_15_7)"
10.0.0.3 - - [28/Nov/2025:14:43:23 +0100] "GET /api/data/v2 HTTP/1.1" 404 1452 "http://internal-wiki.com/" "Mozilla/5.0 (compatible; Googlebot/2.1)"
10.0.0.5 - - [28/Nov/2025:14:43:24 +0100] "GET /contact HTTP/1.1" 404 4527 "-" "Mozilla/5.0 (Macintosh; Intel Mac OS X 10_15_7)"
172.16.0.1 - - [28/Nov/2025:14:43:26 +0100] "GET /products HTTP/1.1" 404 4195 "-" "Mozilla/5.0 (Linux; Android 10; SM-G973F)"
10.0.0.6 - - [28/Nov/2025:14:43:26 +0100] "GET /products HTTP/1.1" 200 4882 "http://internal-wiki.com/" "Mozilla/5.0 (Linux; Android 10; SM-G973F)"
172.16.0.6 - - [28/Nov/2025:14:43:27 +0100] "GET /contact HTTP/1.1" 200 2177 "-" "Mozilla/5.0 (Windows NT 10.0; Win64; x64)"
172.16.0.7 - - [28/Nov/2025:14:43:28 +0100] "GET /css/styles.css HTTP/1.1" 200 2943 "-" "Mozilla/5.0 (Macintosh; Intel Mac OS X 10_15_7)"
172.16.0.6 - - [28/Nov/2025:14:43:28 +0100] "GET /contact HTTP/1.1" 200 3110 "-" "Mozilla/5.0 (compatible; Googlebot/2.1)"
10.0.0.3 - - [28/Nov/2025:14:43:29 +0100] "GET /api/data/v2 HTTP/1.1" 200 1931 "http://google.com/" "Mozilla/5.0 (compatible; Googlebot/2.1)"
10.0.0.3 - - [28/Nov/2025:14:43:29 +0100] "GET /css/styles.css HTTP/1.1" 500 1608 "http://internal-wiki.com/" "Mozilla/5.0 (compatible; Googlebot/2.1)"
10.0.0.1 - - [28/Nov/2025:14:43:30 +0100] "GET /about HTTP/1.1" 200 112 "http://internal-wiki.com/" "Mozilla/5.0 (compatible; Googlebot/2.1)"
10.0.0.8 - - [28/Nov/2025:14:43:31 +0100] "GET /about HTTP/1.1" 200 792 "http://google.com/" "Mozilla/5.0 (Linux; Android 10; SM-G973F)"
10.0.0.9 - - [28/Nov/2025:14:43:32 +0100] "GET /images/logo.png HTTP/1.1" 200 4287 "-" "Mozilla/5.0 (compatible; Googlebot/2.1)"
172.16.0.7 - - [28/Nov/2025:14:43:34 +0100] "GET /images/logo.png HTTP/1.1" 200 1787 "http://google.com/" "Mozilla/5.0 (Linux; Android 10; SM-G973F)"
172.16.0.3 - - [28/Nov/2025:14:43:35 +0100] "GET / HTTP/1.1" 404 1432 "http://google.com/" "Mozilla/5.0 (Windows NT 10.0; Win64; x64)"
172.16.0.4 - - [28/Nov/2025:14:43:36 +0100] "GET /contact HTTP/1.1" 200 2485 "-" "Mozilla/5.0 (compatible; Googlebot/2.1)"
172.16.0.5 - - [28/Nov/2025:14:43:37 +0100] "GET /contact HTTP/1.1" 200 1712 "http://google.com/" "Mozilla/5.0 (compatible; Googlebot/2.1)"
172.16.0.2 - - [28/Nov/2025:14:43:38 +0100] "GET /about HTTP/1.1" 200 2440 "-" "Mozilla/5.0 (Windows NT 10.0; Win64; x64)"
172.16.0.2 - - [28/Nov/2025:14:43:38 +0100] "GET /docs HTTP/1.1" 404 537 "http://another-web-server.com/" "Mozilla/5.0 (compatible; Googlebot/2.1)"
172.16.0.8 - - [28/Nov/2025:14:43:39 +0100] "GET /contact HTTP/1.1" 200 3261 "-" "Mozilla/5.0 (Linux; Android 10; SM-G973F)"
172.16.0.7 - - [28/Nov/2025:14:43:40 +0100] "GET /contact HTTP/1.1" 200 782 "http://google.com/" "Mozilla/5.0 (Linux; Android 10; SM-G973F)"
172.16.0.8 - - [28/Nov/2025:14:43:40 +0100] "GET /contact HTTP/1.1" 404 2426 "-" "Mozilla/5.0 (Windows NT 10.0; Win64; x64)"
10.0.0.5 - - [28/Nov/2025:14:43:41 +0100] "GET /images/logo.png HTTP/1.1" 404 1894 "http://internal-wiki.com/" "Mozilla/5.0 (Linux; Android 10; SM-G973F)"
172.16.0.1 - - [28/Nov/2025:14:43:43 +0100] "GET /docs HTTP/1.1" 404 1505 "http://internal-wiki.com/" "Mozilla/5.0 (Macintosh; Intel Mac OS X 10_15_7)"
172.16.0.7 - - [28/Nov/2025:14:43:43 +0100] "GET /contact HTTP/1.1" 200 3973 "-" "Mozilla/5.0 (Linux; Android 10; SM-G973F)"
172.16.0.2 - - [28/Nov/2025:14:43:44 +0100] "GET /products HTTP/1.1" 500 1915 "http://internal-wiki.com/" "Mozilla/5.0 (Macintosh; Intel Mac OS X 10_15_7)"
172.16.0.9 - - [28/Nov/2025:14:43:45 +0100] "GET /docs HTTP/1.1" 200 4607 "http://internal-wiki.com/" "Mozilla/5.0 (compatible; Googlebot/2.1)"
10.0.0.4 - - [28/Nov/2025:14:43:46 +0100] "GET /contact HTTP/1.1" 200 1116 "-" "Mozilla/5.0 (compatible; Googlebot/2.1)"
172.16.0.2 - - [28/Nov/2025:14:43:46 +0100] "GET /about HTTP/1.1" 200 3798 "-" "Mozilla/5.0 (compatible; Googlebot/2.1)"
10.0.0.6 - - [28/Nov/2025:14:43:48 +0100] "GET /about HTTP/1.1" 200 2637 "-" "Mozilla/5.0 (Macintosh; Intel Mac OS X 10_15_7)"
10.0.0.1 - - [28/Nov/2025:14:43:49 +0100] "GET /products HTTP/1.1" 200 3362 "-" "Mozilla/5.0 (Linux; Android 10; SM-G973F)"
10.0.0.5 - - [28/Nov/2025:14:43:49 +0100] "GET /contact HTTP/1.1" 200 2030 "http://google.com/" "Mozilla/5.0 (Linux; Android 10; SM-G973F)"
10.0.0.5 - - [28/Nov/2025:14:43:49 +0100] "GET / HTTP/1.1" 404 3395 "http://google.com/" "Mozilla/5.0 (compatible; Googlebot/2.1)"
10.0.0.8 - - [28/Nov/2025:14:43:51 +0100] "GET /products HTTP/1.1" 200 3710 "-" "Mozilla/5.0 (Windows NT 10.0; Win64; x64)"
10.0.0.2 - - [28/Nov/2025:14:43:51 +0100] "GET /images/logo.png HTTP/1.1" 200 770 "http://internal-wiki.com/" "Mozilla/5.0 (compatible; Googlebot/2.1)"
172.16.0.1 - - [28/Nov/2025:14:43:52 +0100] "GET /css/styles.css HTTP/1.1" 200 1991 "http://google.com/" "Mozilla/5.0 (Linux; Android 10; SM-G973F)"
172.16.0.8 - - [28/Nov/2025:14:43:52 +0100] "GET /css/styles.css HTTP/1.1" 404 122 "http://internal-wiki.com/" "Mozilla/5.0 (Macintosh; Intel Mac OS X 10_15_7)"
10.0.0.2 - - [28/Nov/2025:14:43:53 +0100] "GET /products HTTP/1.1" 200 3549 "-" "Mozilla/5.0 (Linux; Android 10; SM-G973F)"
10.0.0.5 - - [28/Nov/2025:14:43:54 +0100] "GET /about HTTP/1.1" 404 4610 "http://google.com/" "Mozilla/5.0 (compatible; Googlebot/2.1)"
172.16.0.3 - - [28/Nov/2025:14:43:55 +0100] "GET /products HTTP/1.1" 200 3039 "http://google.com/" "Mozilla/5.0 (Macintosh; Intel Mac OS X 10_15_7)"
172.16.0.9 - - [28/Nov/2025:14:43:55 +0100] "GET /about HTTP/1.1" 404 3434 "http://google.com/" "Mozilla/5.0 (Linux; Android 10; SM-G973F)"
10.0.0.9 - - [28/Nov/2025:14:43:55 +0100] "GET /products HTTP/1.1" 404 1653 "http://internal-wiki.com/" "Mozilla/5.0 (compatible; Googlebot/2.1)"
172.16.0.7 - - [28/Nov/2025:14:43:56 +0100] "GET /api/data/v2 HTTP/1.1" 200 4101 "http://google.com/" "Mozilla/5.0 (Linux; Android 10; SM-G973F)"
10.0.0.2 - - [28/Nov/2025:14:43:58 +0100] "GET /about HTTP/1.1" 200 3948 "-" "Mozilla/5.0 (Macintosh; Intel Mac OS X 10_15_7)"
172.16.0.8 - - [28/Nov/2025:14:43:59 +0100] "GET /images/logo.png HTTP/1.1" 200 2578 "http://google.com/" "Mozilla/5.0 (Macintosh; Intel Mac OS X 10_15_7)"
172.16.0.6 - - [28/Nov/2025:14:44:00 +0100] "GET /api/data/v2 HTTP/1.1" 500 1185 "http://another-web-server.com/" "Mozilla/5.0 (Windows NT 10.0; Win64; x64)"
10.0.0.7 - - [28/Nov/2025:14:44:01 +0100] "GET /api/data/v2 HTTP/1.1" 200 3046 "http://google.com/" "Mozilla/5.0 (compatible; Googlebot/2.1)"
172.16.0.1 - - [28/Nov/2025:14:44:02 +0100] "GET /images/logo.png HTTP/1.1" 500 4376 "-" "Mozilla/5.0 (compatible; Googlebot/2.1)"
172.16.0.2 - - [28/Nov/2025:14:44:03 +0100] "GET /products HTTP/1.1" 200 3237 "-" "Mozilla/5.0 (Windows NT 10.0; Win64; x64)"
10.0.0.6 - - [28/Nov/2025:14:44:03 +0100] "GET /images/logo.png HTTP/1.1" 200 2895 "http://internal-wiki.com/" "Mozilla/5.0 (Windows NT 10.0; Win64; x64)"
172.16.0.2 - - [28/Nov/2025:14:44:04 +0100] "GET /images/logo.png HTTP/1.1" 200 882 "http://internal-wiki.com/" "Mozilla/5.0 (compatible; Googlebot/2.1)"
10.0.0.5 - - [28/Nov/2025:14:44:04 +0100] "GET /images/logo.png HTTP/1.1" 200 738 "http://google.com/" "Mozilla/5.0 (Windows NT 10.0; Win64; x64)"
172.16.0.8 - - [28/Nov/2025:14:44:05 +0100] "GET /docs HTTP/1.1" 200 2584 "-" "Mozilla/5.0 (Windows NT 10.0; Win64; x64)"
10.0.0.7 - - [28/Nov/2025:14:44:05 +0100] "GET /css/styles.css HTTP/1.1" 404 1262 "http://google.com/" "Mozilla/5.0 (compatible; Googlebot/2.1)"
172.16.0.2 - - [28/Nov/2025:14:44:07 +0100] "GET /images/logo.png HTTP/1.1" 200 1533 "-" "Mozilla/5.0 (compatible; Googlebot/2.1)"
10.0.0.9 - - [28/Nov/2025:14:44:07 +0100] "GET /images/logo.png HTTP/1.1" 200 2371 "http://internal-wiki.com/" "Mozilla/5.0 (Linux; Android 10; SM-G973F)"
172.16.0.7 - - [28/Nov/2025:14:44:09 +0100] "GET /images/logo.png HTTP/1.1" 200 1600 "-" "Mozilla/5.0 (compatible; Googlebot/2.1)"
10.0.0.8 - - [28/Nov/2025:14:44:09 +0100] "GET /api/data/v2 HTTP/1.1" 200 1076 "http://google.com/" "Mozilla/5.0 (Linux; Android 10; SM-G973F)"
10.0.0.8 - - [28/Nov/2025:14:44:10 +0100] "GET /images/logo.png HTTP/1.1" 200 1521 "http://google.com/" "Mozilla/5.0 (Windows NT 10.0; Win64; x64)"
10.0.0.7 - - [28/Nov/2025:14:44:10 +0100] "GET /css/styles.css HTTP/1.1" 404 4425 "http://google.com/" "Mozilla/5.0 (Macintosh; Intel Mac OS X 10_15_7)"
172.16.0.3 - - [28/Nov/2025:14:44:12 +0100] "GET /css/styles.css HTTP/1.1" 404 1491 "-" "Mozilla/5.0 (Linux; Android 10; SM-G973F)"
10.0.0.5 - - [28/Nov/2025:14:44:12 +0100] "GET /contact HTTP/1.1" 500 1650 "http://google.com/" "Mozilla/5.0 (Linux; Android 10; SM-G973F)"
172.16.0.6 - - [28/Nov/2025:14:44:13 +0100] "GET / HTTP/1.1" 200 553 "http://google.com/" "Mozilla/5.0 (compatible; Googlebot/2.1)"
10.0.0.1 - - [28/Nov/2025:14:44:13 +0100] "GET /images/logo.png HTTP/1.1" 200 2785 "http://google.com/" "Mozilla/5.0 (Linux; Android 10; SM-G973F)"
172.16.0.8 - - [28/Nov/2025:14:44:14 +0100] "GET / HTTP/1.1" 200 1873 "-" "Mozilla/5.0 (compatible; Googlebot/2.1)"
172.16.0.1 - - [28/Nov/2025:14:44:15 +0100] "GET /images/logo.png HTTP/1.1" 200 4867 "http://internal-wiki.com/" "Mozilla/5.0 (compatible; Googlebot/2.1)"
172.16.0.1 - - [28/Nov/2025:14:44:16 +0100] "GET /docs HTTP/1.1" 200 1836 "http://internal-wiki.com/" "Mozilla/5.0 (Linux; Android 10; SM-G973F)"
172.16.0.7 - - [28/Nov/2025:14:44:17 +0100] "GET /about HTTP/1.1" 404 898 "http://google.com/" "Mozilla/5.0 (Windows NT 10.0; Win64; x64)"
10.0.0.1 - - [28/Nov/2025:14:44:17 +0100] "GET /products HTTP/1.1" 500 4984 "http://internal-wiki.com/" "Mozilla/5.0 (Linux; Android 10; SM-G973F)"
172.16.0.2 - - [28/Nov/2025:14:44:17 +0100] "GET /docs HTTP/1.1" 200 2761 "http://google.com/" "Mozilla/5.0 (Macintosh; Intel Mac OS X 10_15_7)"
10.0.0.3 - - [28/Nov/2025:14:44:18 +0100] "GET /api/data/v2 HTTP/1.1" 200 1585 "http://google.com/" "Mozilla/5.0 (Windows NT 10.0; Win64; x64)"
10.0.0.3 - - [28/Nov/2025:14:44:18 +0100] "GET /css/styles.css HTTP/1.1" 200 786 "http://internal-wiki.com/" "Mozilla/5.0 (Windows NT 10.0; Win64; x64)"
10.0.0.5 - - [28/Nov/2025:14:44:19 +0100] "GET /about HTTP/1.1" 200 3987 "http://google.com/" "Mozilla/5.0 (Linux; Android 10; SM-G973F)"
172.16.0.8 - - [28/Nov/2025:14:44:20 +0100] "GET /api/data/v2 HTTP/1.1" 200 4761 "http://internal-wiki.com/" "Mozilla/5.0 (Macintosh; Intel Mac OS X 10_15_7)"
172.16.0.3 - - [28/Nov/2025:14:44:20 +0100] "GET /images/logo.png HTTP/1.1" 200 4603 "http://internal-wiki.com/" "Mozilla/5.0 (Linux; Android 10; SM-G973F)"
10.0.0.1 - - [28/Nov/2025:14:44:20 +0100] "GET /about HTTP/1.1" 200 966 "http://another-web-server.com/" "Mozilla/5.0 (Linux; Android 10; SM-G973F)"
172.16.0.4 - - [28/Nov/2025:14:44:21 +0100] "GET /api/data/v2 HTTP/1.1" 500 1733 "http://internal-wiki.com/" "Mozilla/5.0 (Windows NT 10.0; Win64; x64)"
10.0.0.8 - - [28/Nov/2025:14:44:22 +0100] "GET /images/logo.png HTTP/1.1" 200 4769 "-" "Mozilla/5.0 (Macintosh; Intel Mac OS X 10_15_7)"
10.0.0.3 - - [28/Nov/2025:14:44:22 +0100] "GET /contact HTTP/1.1" 404 1990 "http://google.com/" "Mozilla/5.0 (Windows NT 10.0; Win64; x64)"
10.0.0.5 - - [28/Nov/2025:14:44:24 +0100] "GET /css/styles.css HTTP/1.1" 200 3454 "http://internal-wiki.com/" "Mozilla/5.0 (Macintosh; Intel Mac OS X 10_15_7)"
10.0.0.6 - - [28/Nov/2025:14:44:25 +0100] "GET /css/styles.css HTTP/1.1" 200 3429 "-" "Mozilla/5.0 (Linux; Android 10; SM-G973F)"
10.0.0.8 - - [28/Nov/2025:14:44:26 +0100] "GET /about HTTP/1.1" 404 2085 "http://another-web-server.com/" "Mozilla/5.0 (compatible; Googlebot/2.1)"
10.0.0.1 - - [28/Nov/2025:14:44:27 +0100] "GET /products HTTP/1.1" 200 3907 "http://internal-wiki.com/" "Mozilla/5.0 (compatible; Googlebot/2.1)"
10.0.0.6 - - [28/Nov/2025:14:44:29 +0100] "GET /contact HTTP/1.1" 404 2266 "http://google.com/" "Mozilla/5.0 (Windows NT 10.0; Win64; x64)"
172.16.0.9 - - [28/Nov/2025:14:44:29 +0100] "GET /css/styles.css HTTP/1.1" 200 3266 "http://internal-wiki.com/" "Mozilla/5.0 (Macintosh; Intel Mac OS X 10_15_7)"
10.0.0.7 - - [28/Nov/2025:14:44:30 +0100] "GET /about HTTP/1.1" 200 1760 "http://internal-wiki.com/" "Mozilla/5.0 (Macintosh; Intel Mac OS X 10_15_7)"
10.0.0.2 - - [28/Nov/2025:14:44:31 +0100] "GET /docs HTTP/1.1" 200 1697 "http://another-web-server.com/" "Mozilla/5.0 (Macintosh; Intel Mac OS X 10_15_7)"
10.0.0.3 - - [28/Nov/2025:14:44:31 +0100] "GET / HTTP/1.1" 200 1904 "-" "Mozilla/5.0 (Macintosh; Intel Mac OS X 10_15_7)"
10.0.0.9 - - [28/Nov/2025:14:44:33 +0100] "GET / HTTP/1.1" 200 4982 "-" "Mozilla/5.0 (compatible; Googlebot/2.1)"
10.0.0.1 - - [28/Nov/2025:14:44:34 +0100] "GET /docs HTTP/1.1" 200 340 "http://google.com/" "Mozilla/5.0 (Macintosh; Intel Mac OS X 10_15_7)"
172.16.0.3 - - [28/Nov/2025:14:44:35 +0100] "GET /docs HTTP/1.1" 200 3471 "http://internal-wiki.com/" "Mozilla/5.0 (Linux; Android 10; SM-G973F)"
